Component: ARM Compiler 5.05 update 1 (build 106) Tool: armlink [4d0efa]

==============================================================================

Section Cross References

    main.o(.text) refers to _printf_percent.o(.ARM.Collect$$_printf_percent$$00000000) for _printf_percent
    main.o(.text) refers to _printf_f.o(.ARM.Collect$$_printf_percent$$00000003) for _printf_f
    main.o(.text) refers to printf1.o(x$fpl$printf1) for _printf_fp_dec
    main.o(.text) refers to misc.o(.text) for NVIC_PriorityGroupConfig
    main.o(.text) refers to stm32f10x_rcc.o(.text) for RCC_APB1PeriphClockCmd
    main.o(.text) refers to stm32f10x_tim.o(.text) for TIM_TimeBaseInit
    main.o(.text) refers to pow.o(i.pow) for pow
    main.o(.text) refers to f2d.o(x$fpl$f2d) for __aeabi_f2d
    main.o(.text) refers to ddiv.o(x$fpl$ddiv) for __aeabi_ddiv
    main.o(.text) refers to d2f.o(x$fpl$d2f) for __aeabi_d2f
    main.o(.text) refers to usart1.o(.text) for UART2SendByte
    main.o(.text) refers to rt_memclr_w.o(.text) for __aeabi_memclr4
    main.o(.text) refers to system_stm32f10x_1.o(.text) for SystemInit
    main.o(.text) refers to adc.o(.text) for Adc_GPIO_Config
    main.o(.text) refers to leddisplay.o(.text) for LEDDisplayConfig
    main.o(.text) refers to stm32f10x_gpio.o(.text) for GPIO_ResetBits
    main.o(.text) refers to fflt_clz.o(x$fpl$fflt) for __aeabi_i2f
    main.o(.text) refers to fdiv.o(x$fpl$fdiv) for __aeabi_fdiv
    main.o(.text) refers to dmul.o(x$fpl$dmul) for __aeabi_dmul
    main.o(.text) refers to noretval__2sprintf.o(.text) for __2sprintf
    main.o(.text) refers to frleqf.o(x$fpl$frleqf) for __aeabi_cfrcmple
    main.o(.text) refers to fleqf.o(x$fpl$fleqf) for __aeabi_cfcmple
    main.o(.text) refers to main.o(.data) for temp
    led.o(.text) refers to stm32f10x_rcc.o(.text) for RCC_APB2PeriphClockCmd
    led.o(.text) refers to stm32f10x_gpio.o(.text) for GPIO_Init
    leddisplay.o(.text) refers to stm32f10x_rcc.o(.text) for RCC_APB2PeriphClockCmd
    leddisplay.o(.text) refers to stm32f10x_gpio.o(.text) for GPIO_Init
    leddisplay.o(.text) refers to fmul.o(x$fpl$fmul) for __aeabi_fmul
    leddisplay.o(.text) refers to ffixu.o(x$fpl$ffixu) for __aeabi_f2uiz
    adc.o(.text) refers to stm32f10x_rcc.o(.text) for RCC_APB2PeriphClockCmd
    adc.o(.text) refers to stm32f10x_gpio.o(.text) for GPIO_Init
    adc.o(.text) refers to stm32f10x_adc.o(.text) for ADC_DeInit
    adc.o(.text) refers to fflt_clz.o(x$fpl$ffltu) for __aeabi_ui2f
    adc.o(.text) refers to faddsub_clz.o(x$fpl$fadd) for __aeabi_fadd
    adc.o(.text) refers to fdiv.o(x$fpl$fdiv) for __aeabi_fdiv
    adc.o(.text) refers to f2d.o(x$fpl$f2d) for __aeabi_f2d
    adc.o(.text) refers to dmul.o(x$fpl$dmul) for __aeabi_dmul
    adc.o(.text) refers to d2f.o(x$fpl$d2f) for __aeabi_d2f
    adc.o(.text) refers to daddsub_clz.o(x$fpl$drsb) for __aeabi_drsub
    adc.o(.text) refers to ddiv.o(x$fpl$ddiv) for __aeabi_ddiv
    usart1.o(.text) refers to stm32f10x_rcc.o(.text) for RCC_APB2PeriphClockCmd
    usart1.o(.text) refers to stm32f10x_gpio.o(.text) for GPIO_Init
    usart1.o(.text) refers to stm32f10x_usart.o(.text) for USART_Init
    usart1.o(.text) refers to misc.o(.text) for NVIC_Init
    stm32f10x_adc.o(.text) refers to stm32f10x_rcc.o(.text) for RCC_APB2PeriphResetCmd
    stm32f10x_bkp.o(.text) refers to stm32f10x_rcc.o(.text) for RCC_BackupResetCmd
    stm32f10x_can.o(.text) refers to stm32f10x_rcc.o(.text) for RCC_APB1PeriphResetCmd
    stm32f10x_cec.o(.text) refers to stm32f10x_rcc.o(.text) for RCC_APB1PeriphResetCmd
    stm32f10x_dac.o(.text) refers to stm32f10x_rcc.o(.text) for RCC_APB1PeriphResetCmd
    stm32f10x_gpio.o(.text) refers to stm32f10x_rcc.o(.text) for RCC_APB2PeriphResetCmd
    stm32f10x_i2c.o(.text) refers to stm32f10x_rcc.o(.text) for RCC_APB1PeriphResetCmd
    stm32f10x_pwr.o(.text) refers to stm32f10x_rcc.o(.text) for RCC_APB1PeriphResetCmd
    stm32f10x_rcc.o(.text) refers to stm32f10x_rcc.o(.data) for APBAHBPrescTable
    stm32f10x_spi.o(.text) refers to stm32f10x_rcc.o(.text) for RCC_APB2PeriphResetCmd
    stm32f10x_tim.o(.text) refers to stm32f10x_rcc.o(.text) for RCC_APB2PeriphResetCmd
    stm32f10x_usart.o(.text) refers to stm32f10x_rcc.o(.text) for RCC_APB2PeriphResetCmd
    stm32f10x_wwdg.o(.text) refers to stm32f10x_rcc.o(.text) for RCC_APB1PeriphResetCmd
    startup_stm32f10x_md_1.o(STACK) refers (Special) to heapauxi.o(.text) for __use_two_region_memory
    startup_stm32f10x_md_1.o(HEAP) refers (Special) to heapauxi.o(.text) for __use_two_region_memory
    startup_stm32f10x_md_1.o(RESET) refers (Special) to heapauxi.o(.text) for __use_two_region_memory
    startup_stm32f10x_md_1.o(RESET) refers to startup_stm32f10x_md_1.o(STACK) for __initial_sp
    startup_stm32f10x_md_1.o(RESET) refers to startup_stm32f10x_md_1.o(.text) for Reset_Handler
    startup_stm32f10x_md_1.o(RESET) refers to stm32f10x_it_1.o(.text) for NMI_Handler
[...]
    ..\FWLIB\src\stm32f10x_dma.c             0x00000000   Number         0  stm32f10x_dma.o ABSOLUTE
    ..\FWLIB\src\stm32f10x_exti.c            0x00000000   Number         0  stm32f10x_exti.o ABSOLUTE
    ..\FWLIB\src\stm32f10x_flash.c           0x00000000   Number         0  stm32f10x_flash.o ABSOLUTE
    ..\FWLIB\src\stm32f10x_fsmc.c            0x00000000   Number         0  stm32f10x_fsmc.o ABSOLUTE
    ..\FWLIB\src\stm32f10x_gpio.c            0x00000000   Number         0  stm32f10x_gpio.o ABSOLUTE
    ..\FWLIB\src\stm32f10x_i2c.c             0x00000000   Number         0  stm32f10x_i2c.o ABSOLUTE
    ..\FWLIB\src\stm32f10x_iwdg.c            0x00000000   Number         0  stm32f10x_iwdg.o ABSOLUTE
    ..\FWLIB\src\stm32f10x_pwr.c             0x00000000   Number         0  stm32f10x_pwr.o ABSOLUTE
    ..\FWLIB\src\stm32f10x_rcc.c             0x00000000   Number         0  stm32f10x_rcc.o ABSOLUTE
    ..\FWLIB\src\stm32f10x_rtc.c             0x00000000   Number         0  stm32f10x_rtc.o ABSOLUTE
    ..\FWLIB\src\stm32f10x_sdio.c            0x00000000   Number         0  stm32f10x_sdio.o ABSOLUTE
    ..\FWLIB\src\stm32f10x_spi.c             0x00000000   Number         0  stm32f10x_spi.o ABSOLUTE
    ..\FWLIB\src\stm32f10x_tim.c             0x00000000   Number         0  stm32f10x_tim.o ABSOLUTE
    ..\FWLIB\src\stm32f10x_usart.c           0x00000000   Number         0  stm32f10x_usart.o ABSOLUTE
    ..\FWLIB\src\stm32f10x_wwdg.c            0x00000000   Number         0  stm32f10x_wwdg.o ABSOLUTE
    LED.C                                    0x00000000   Number         0  led.o ABSOLUTE
    LEDDisplay.c                             0x00000000   Number         0  leddisplay.o ABSOLUTE
    RTE\Device\STM32F103C8\startup_stm32f10x_md.s 0x00000000   Number         0  startup_stm32f10x_md_1.o ABSOLUTE
    RTE\Device\STM32F103C8\system_stm32f10x.c 0x00000000   Number         0  system_stm32f10x_1.o ABSOLUTE
    adc.c                                    0x00000000   Number         0  adc.o ABSOLUTE
    dc.s                                     0x00000000   Number         0  dc.o ABSOLUTE
    main.c                                   0x00000000   Number         0  main.o ABSOLUTE
    stm32f10x_it.c                           0x00000000   Number         0  stm32f10x_it_1.o ABSOLUTE
    usart1.c                                 0x00000000   Number         0  usart1.o ABSOLUTE
    RESET                                    0x08000000   Section      236  startup_stm32f10x_md_1.o(RESET)
    !!!main                                  0x080000ec   Section        8  __main.o(!!!main)
    !!!scatter                               0x080000f4   Section       52  __scatter.o(!!!scatter)
    !!handler_copy                           0x08000128   Section       26  __scatter_copy.o(!!handler_copy)
    !!handler_zi                             0x08000144   Section       28  __scatter_zi.o(!!handler_zi)
    .ARM.Collect$$_printf_percent$$00000000  0x08000160   Section        0  _printf_percent.o(.ARM.Collect$$_printf_percent$$00000000)
    .ARM.Collect$$_printf_percent$$00000003  0x08000160   Section        6  _printf_f.o(.ARM.Collect$$_printf_percent$$00000003)
    .ARM.Collect$$_printf_percent$$00000017  0x08000166   Section        4  _printf_percent_end.o(.ARM.Collect$$_printf_percent$$00000017)
    .ARM.Collect$$libinit$$00000000          0x0800016a   Section        2  libinit.o(.ARM.Collect$$libinit$$00000000)
    .ARM.Collect$$libinit$$00000002          0x0800016c   Section        0  libinit2.o(.ARM.Collect$$libinit$$00000002)
    .ARM.Collect$$libinit$$00000004          0x0800016c   Section        0  libinit2.o(.ARM.Collect$$libinit$$00000004)
    .ARM.Collect$$libinit$$0000000A          0x0800016c   Section        0  libinit2.o(.ARM.Collect$$libinit$$0000000A)
    .ARM.Collect$$libinit$$0000000C          0x0800016c   Section        0  libinit2.o(.ARM.Collect$$libinit$$0000000C)
    .ARM.Collect$$libinit$$0000000E          0x0800016c   Section        0  libinit2.o(.ARM.Collect$$libinit$$0000000E)
    .ARM.Collect$$libinit$$0000000F          0x0800016c   Section        6  libinit2.o(.ARM.Collect$$libinit$$0000000F)
    .ARM.Collect$$libinit$$00000011          0x08000172   Section        0  libinit2.o(.ARM.Collect$$libinit$$00000011)
    .ARM.Collect$$libinit$$00000013          0x08000172   Section        0  libinit2.o(.ARM.Collect$$libinit$$00000013)
    .ARM.Collect$$libinit$$00000015          0x08000172   Section        0  libinit2.o(.ARM.Collect$$libinit$$00000015)
    .ARM.Collect$$libinit$$00000016          0x08000172   Section       10  libinit2.o(.ARM.Collect$$libinit$$00000016)
    .ARM.Collect$$libinit$$00000017          0x0800017c   Section        0  libinit2.o(.ARM.Collect$$libinit$$00000017)
    .ARM.Collect$$libinit$$00000019          0x0800017c   Section        0  libinit2.o(.ARM.Collect$$libinit$$00000019)
    .ARM.Collect$$libinit$$0000001B          0x0800017c   Section        0  libinit2.o(.ARM.Collect$$libinit$$0000001B)
    .ARM.Collect$$libinit$$0000001D          0x0800017c   Section        0  libinit2.o(.ARM.Collect$$libinit$$0000001D)
    .ARM.Collect$$libinit$$0000001F          0x0800017c   Section        0  libinit2.o(.ARM.Collect$$libinit$$0000001F)
    .ARM.Collect$$libinit$$00000021          0x0800017c   Section        0  libinit2.o(.ARM.Collect$$libinit$$00000021)
    .ARM.Collect$$libinit$$00000023          0x0800017c   Section        0  libinit2.o(.ARM.Collect$$libinit$$00000023)
    .ARM.Collect$$libinit$$00000025          0x0800017c   Section        0  libinit2.o(.ARM.Collect$$libinit$$00000025)
    .ARM.Collect$$libinit$$0000002C          0x0800017c   Section        0  libinit2.o(.ARM.Collect$$libinit$$0000002C)
    .ARM.Collect$$libinit$$0000002E          0x0800017c   Section        0  libinit2.o(.ARM.Collect$$libinit$$0000002E)
    .ARM.Collect$$libinit$$00000030          0x0800017c   Section        0  libinit2.o(.ARM.Collect$$libinit$$00000030)
    .ARM.Collect$$libinit$$00000032          0x0800017c   Section        0  libinit2.o(.ARM.Collect$$libinit$$00000032)
    .ARM.Collect$$libinit$$00000033          0x0800017c   Section        2  libinit2.o(.ARM.Collect$$libinit$$00000033)
    .ARM.Collect$$libshutdown$$00000000      0x0800017e   Section        2  libshutdown.o(.ARM.Collect$$libshutdown$$00000000)
    .ARM.Collect$$libshutdown$$00000003      0x08000180   Section        0  libshutdown2.o(.ARM.Collect$$libshutdown$$00000003)
    .ARM.Collect$$libshutdown$$00000006      0x08000180   Section        0  libshutdown2.o(.ARM.Collect$$libshutdown$$00000006)
    .ARM.Collect$$libshutdown$$00000009      0x08000180   Section        0  libshutdown2.o(.ARM.Collect$$libshutdown$$00000009)
    .ARM.Collect$$libshutdown$$0000000B      0x08000180   Section        0  libshutdown2.o(.ARM.Collect$$libshutdown$$0000000B)
    .ARM.Collect$$libshutdown$$0000000E      0x08000180   Section        0  libshutdown2.o(.ARM.Collect$$libshutdown$$0000000E)
    .ARM.Collect$$libshutdown$$0000000F      0x08000180   Section        2  libshutdown2.o(.ARM.Collect$$libshutdown$$0000000F)
    .ARM.Collect$$rtentry$$00000000          0x08000182   Section        0  __rtentry.o(.ARM.Collect$$rtentry$$00000000)
    .ARM.Collect$$rtentry$$00000002          0x08000182   Section        0  __rtentry2.o(.ARM.Collect$$rtentry$$00000002)
    .ARM.Collect$$rtentry$$00000004          0x08000182   Section        6  __rtentry4.o(.ARM.Collect$$rtentry$$00000004)
    .ARM.Collect$$rtentry$$00000009          0x08000188   Section        0  __rtentry2.o(.ARM.Collect$$rtentry$$00000009)
    .ARM.Collect$$rtentry$$0000000A          0x08000188   Section        4  __rtentry2.o(.ARM.Collect$$rtentry$$0000000A)
    .ARM.Collect$$rtentry$$0000000C          0x0800018c   Section        0  __rtentry2.o(.ARM.Collect$$rtentry$$0000000C)
    .ARM.Collect$$rtentry$$0000000D          0x0800018c   Section        8  __rtentry2.o(.ARM.Collect$$rtentry$$0000000D)
    .ARM.Collect$$rtexit$$00000000           0x08000194   Section        2  rtexit.o(.ARM.Collect$$rtexit$$00000000)
    .ARM.Collect$$rtexit$$00000002           0x08000196   Section        0  rtexit2.o(.ARM.Collect$$rtexit$$00000002)
    .ARM.Collect$$rtexit$$00000003           0x08000196   Section        4  rtexit2.o(.ARM.Collect$$rtexit$$00000003)
    .ARM.Collect$$rtexit$$00000004           0x0800019a   Section        6  rtexit2.o(.ARM.Collect$$rtexit$$00000004)
    .text                                    0x080001a0   Section        0  main.o(.text)
    .text                                    0x08000418   Section        0  stm32f10x_it_1.o(.text)
    .text                                    0x08000434   Section        0  leddisplay.o(.text)
    .text                                    0x080006bc   Section        0  adc.o(.text)
    .text                                    0x08000824   Section        0  usart1.o(.text)
    .text                                    0x08000b24   Section        0  misc.o(.text)
    .text                                    0x08000c00   Section        0  stm32f10x_adc.o(.text)
    .text                                    0x08001050   Section        0  stm32f10x_gpio.o(.text)
    .text                                    0x080013ac   Section        0  stm32f10x_rcc.o(.text)
    .text                                    0x08001750   Section        0  stm32f10x_tim.o(.text)
    TI4_Config                               0x08001bf7   Thumb Code   130  stm32f10x_tim.o(.text)
    TI3_Config                               0x08001c8b   Thumb Code   122  stm32f10x_tim.o(.text)
    TI2_Config                               0x08001d1f   Thumb Code   130  stm32f10x_tim.o(.text)
    TI1_Config                               0x08001db3   Thumb Code   108  stm32f10x_tim.o(.text)
    .text                                    0x0800256c   Section        0  stm32f10x_usart.o(.text)
    .text                                    0x08002974   Section       64  startup_stm32f10x_md_1.o(.text)
    .text                                    0x080029b4   Section        0  system_stm32f10x_1.o(.text)
    SetSysClockTo72                          0x080029b5   Thumb Code   214  system_stm32f10x_1.o(.text)
    SetSysClock                              0x08002a8b   Thumb Code     8  system_stm32f10x_1.o(.text)
    .text                                    0x08002b94   Section        0  noretval__2sprintf.o(.text)
    .text                                    0x08002bbc   Section        0  __printf_wp.o(.text)
    .text                                    0x08002cca   Section       78  rt_memclr_w.o(.text)
    .text                                    0x08002d18   Section        0  heapauxi.o(.text)
    .text                                    0x08002d1e   Section        0  _rserrno.o(.text)
    .text                                    0x08002d34   Section        0  _printf_fp_dec.o(.text)
    _fp_digits                               0x08002d37   Thumb Code   428  _printf_fp_dec.o(.text)
    .text                                    0x08003150   Section        0  _printf_char_common.o(.text)
    _printf_input_char                       0x08003151   Thumb Code    10  _printf_char_common.o(.text)
    .text                                    0x08003180   Section        0  _sputc.o(.text)
    .text                                    0x0800318c   Section        8  rt_locale_intlibspace.o(.text)
    .text                                    0x08003194   Section        8  rt_errno_addr_intlibspace.o(.text)
    .text                                    0x0800319c   Section      138  lludiv10.o(.text)
    .text                                    0x08003228   Section        0  _printf_fp_infnan.o(.text)
    .text                                    0x080032a8   Section        0  bigflt0.o(.text)
    .text                                    0x08003384   Section        8  libspace.o(.text)
    .text                                    0x0800338c   Section       74  sys_stackheap_outer.o(.text)
    .text                                    0x080033d6   Section        0  exit.o(.text)
    .text                                    0x080033e4   Section      128  strcmpv7m.o(.text)
    .text                                    0x08003464   Section        0  sys_exit.o(.text)
    .text                                    0x08003470   Section        2  use_no_semi.o(.text)
    .text                                    0x08003472   Section        0  indicate_semi.o(.text)
    CL$$btod_d2e                             0x08003472   Section       62  btod.o(CL$$btod_d2e)
    CL$$btod_d2e_denorm_low                  0x080034b0   Section       70  btod.o(CL$$btod_d2e_denorm_low)
    CL$$btod_d2e_norm_op1                    0x080034f6   Section       96  btod.o(CL$$btod_d2e_norm_op1)
    CL$$btod_div_common                      0x08003556   Section      824  btod.o(CL$$btod_div_common)
    CL$$btod_e2e                             0x0800388e   Section      198  btod.o(CL$$btod_e2e)
    CL$$btod_ediv                            0x08003954   Section       40  btod.o(CL$$btod_ediv)
    CL$$btod_emul                            0x0800397c   Section       40  btod.o(CL$$btod_emul)
    CL$$btod_mult_common                     0x080039a4   Section      580  btod.o(CL$$btod_mult_common)
    i.__ARM_fpclassify                       0x08003be8   Section        0  fpclassify.o(i.__ARM_fpclassify)
    i.__kernel_poly                          0x08003c10   Section        0  poly.o(i.__kernel_poly)
    i.__mathlib_dbl_divzero                  0x08003cbc   Section        0  dunder.o(i.__mathlib_dbl_divzero)
    i.__mathlib_dbl_infnan2                  0x08003ccc   Section        0  dunder.o(i.__mathlib_dbl_infnan2)
    i.__mathlib_dbl_invalid                  0x08003cd0   Section        0  dunder.o(i.__mathlib_dbl_invalid)
    i.__mathlib_dbl_overflow                 0x08003cdc   Section        0  dunder.o(i.__mathlib_dbl_overflow)
    i.__mathlib_dbl_underflow                0x08003cec   Section        0  dunder.o(i.__mathlib_dbl_underflow)
    i._is_digit                              0x08003cfc   Section        0  __printf_wp.o(i._is_digit)
    i.pow                                    0x08003d0c   Section        0  pow.o(i.pow)
    i.sqrt                                   0x080046c4   Section        0  sqrt.o(i.sqrt)
    locale$$code                             0x08004710   Section       44  lc_numeric_c.o(locale$$code)
    x$fpl$d2f                                0x0800473c   Section       98  d2f.o(x$fpl$d2f)
    x$fpl$dadd                               0x080047a0   Section      336  daddsub_clz.o(x$fpl$dadd)
    _dadd1                                   0x080047b1   Thumb Code     0  daddsub_clz.o(x$fpl$dadd)
    x$fpl$dcheck1                            0x080048f0   Section       16  dcheck1.o(x$fpl$dcheck1)
    x$fpl$dcmpinf                            0x08004900   Section       24  dcmpi.o(x$fpl$dcmpinf)
    x$fpl$ddiv                               0x08004918   Section      688  ddiv.o(x$fpl$ddiv)
    ddiv_entry                               0x0800491f   Thumb Code     0  ddiv.o(x$fpl$ddiv)
    x$fpl$dflt                               0x08004bc8   Section       46  dflt_clz.o(x$fpl$dflt)
    x$fpl$dleqf                              0x08004bf8   Section      120  dleqf.o(x$fpl$dleqf)
    x$fpl$dmul                               0x08004c70   Section      340  dmul.o(x$fpl$dmul)
    x$fpl$dnaninf                            0x08004dc4   Section      156  dnaninf.o(x$fpl$dnaninf)
    x$fpl$dretinf                            0x08004e60   Section       12  dretinf.o(x$fpl$dretinf)
    x$fpl$drleqf                             0x08004e6c   Section      108  drleqf.o(x$fpl$drleqf)
    x$fpl$drsb                               0x08004ed8   Section       22  daddsub_clz.o(x$fpl$drsb)
    x$fpl$dsqrt                              0x08004ef0   Section      460  dsqrt_noumaal.o(x$fpl$dsqrt)
    x$fpl$dsub                               0x080050bc   Section      468  daddsub_clz.o(x$fpl$dsub)
    _dsub1                                   0x080050cd   Thumb Code     0  daddsub_clz.o(x$fpl$dsub)
    x$fpl$f2d                                0x08005290   Section       86  f2d.o(x$fpl$f2d)
    x$fpl$fadd                               0x080052e8   Section      196  faddsub_clz.o(x$fpl$fadd)
    _fadd1                                   0x080052f7   Thumb Code     0  faddsub_clz.o(x$fpl$fadd)
    x$fpl$fcmpinf                            0x080053ac   Section       24  fcmpi.o(x$fpl$fcmpinf)
    x$fpl$fdiv                               0x080053c4   Section      388  fdiv.o(x$fpl$fdiv)
    _fdiv1                                   0x080053c5   Thumb Code     0  fdiv.o(x$fpl$fdiv)
    x$fpl$ffixu                              0x08005548   Section       62  ffixu.o(x$fpl$ffixu)
    x$fpl$fflt                               0x08005588   Section       48  fflt_clz.o(x$fpl$fflt)
    x$fpl$ffltu                              0x080055b8   Section       38  fflt_clz.o(x$fpl$ffltu)
    x$fpl$fleqf                              0x080055e0   Section      104  fleqf.o(x$fpl$fleqf)
    x$fpl$fmul                               0x08005648   Section      258  fmul.o(x$fpl$fmul)
    x$fpl$fnaninf                            0x0800574a   Section      140  fnaninf.o(x$fpl$fnaninf)
    x$fpl$fretinf                            0x080057d6   Section       10  fretinf.o(x$fpl$fretinf)
    x$fpl$frleqf                             0x080057e0   Section       98  frleqf.o(x$fpl$frleqf)
    x$fpl$fsub                               0x08005844   Section      234  faddsub_clz.o(x$fpl$fsub)
    _fsub1                                   0x08005853   Thumb Code     0  faddsub_clz.o(x$fpl$fsub)
    x$fpl$printf1                            0x0800592e   Section        4  printf1.o(x$fpl$printf1)
    x$fpl$retnan                             0x08005932   Section      100  retnan.o(x$fpl$retnan)
    x$fpl$scalbn                             0x08005996   Section       92  scalbn.o(x$fpl$scalbn)
    x$fpl$trapveneer                         0x080059f2   Section       48  trapv.o(x$fpl$trapveneer)
    x$fpl$usenofp                            0x08005a22   Section        0  usenofp.o(x$fpl$usenofp)
    .constdata                               0x08005a28   Section      136  pow.o(.constdata)
    bp                                       0x08005a28   Data          16  pow.o(.constdata)
    dp_h                                     0x08005a38   Data          16  pow.o(.constdata)
    dp_l                                     0x08005a48   Data          16  pow.o(.constdata)
    L                                        0x08005a58   Data          48  pow.o(.constdata)
    P                                        0x08005a88   Data          40  pow.o(.constdata)
    .constdata                               0x08005ab0   Section        8  qnan.o(.constdata)
    .constdata                               0x08005ab8   Section      148  bigflt0.o(.constdata)
    tenpwrs_x                                0x08005ab8   Data          60  bigflt0.o(.constdata)
    tenpwrs_i                                0x08005af4   Data          64  bigflt0.o(.constdata)
    locale$$data                             0x08005b6c   Section       28  lc_numeric_c.o(locale$$data)
    __lcnum_c_name                           0x08005b70   Data           2  lc_numeric_c.o(locale$$data)
    __lcnum_c_start                          0x08005b78   Data           0  lc_numeric_c.o(locale$$data)
    __lcnum_c_point                          0x08005b84   Data           0  lc_numeric_c.o(locale$$data)
    __lcnum_c_thousands                      0x08005b86   Data           0  lc_numeric_c.o(locale$$data)
    __lcnum_c_grouping                       0x08005b87   Data           0  lc_numeric_c.o(locale$$data)
    __lcnum_c_end                            0x08005b88   Data           0  lc_numeric_c.o(locale$$data)
    .data                                    0x20000000   Section       16  main.o(.data)
    .data                                    0x20000010   Section       20  stm32f10x_rcc.o(.data)
    APBAHBPrescTable                         0x20000010   Data          16  stm32f10x_rcc.o(.data)
    ADCPrescTable                            0x20000020   Data           4  stm32f10x_rcc.o(.data)
    .data                                    0x20000024   Section       20  system_stm32f10x_1.o(.data)
    .bss                                     0x20000038   Section       96  libspace.o(.bss)
    HEAP                                     0x20000098   Section      512  startup_stm32f10x_md_1.o(HEAP)
    Heap_Mem                                 0x20000098   Data         512  startup_stm32f10x_md_1.o(HEAP)
    STACK                                    0x20000298   Section     1024  startup_stm32f10x_md_1.o(STACK)
    Stack_Mem                                0x20000298   Data        1024  startup_stm32f10x_md_1.o(STACK)
    __initial_sp                             0x20000698   Data           0  startup_stm32f10x_md_1.o(STACK)

    Global Symbols

    Symbol Name                              Value     Ov Type        Size  Object(Section)

    BuildAttributes$$THM_ISAv4$P$D$K$B$S$PE$A:L22UL41UL21$X:L11$S22US41US21$IEEE1$IW$USESV6$~STKCKD$USESV7$~SHL$OTIME$ROPI$IEEEX$EBA8$UX$STANDARDLIB$REQ8$PRES8$EABIv2 0x00000000   Number         0  anon$$obj.o ABSOLUTE
    __ARM_use_no_argv                        0x00000000   Number         0  main.o ABSOLUTE
    _printf_flags                            0x00000000   Number         0  printf_stubs.o ABSOLUTE
    _printf_return_value                     0x00000000   Number         0  printf_stubs.o ABSOLUTE
    _printf_sizespec                         0x00000000   Number         0  printf_stubs.o ABSOLUTE
    _printf_widthprec                        0x00000000   Number         0  printf_stubs.o ABSOLUTE
    __ARM_exceptions_init                     - Undefined Weak Reference
    __alloca_initialize                       - Undefined Weak Reference
    __arm_preinit_                            - Undefined Weak Reference
    __cpp_initialize__aeabi_                  - Undefined Weak Reference
    __cxa_finalize                            - Undefined Weak Reference
    __sigvec_lookup                           - Undefined Weak Reference
    _atexit_init                              - Undefined Weak Reference
    _call_atexit_fns                          - Undefined Weak Reference
    _clock_init                               - Undefined Weak Reference
    _fp_trap_init                             - Undefined Weak Reference
    _fp_trap_shutdown                         - Undefined Weak Reference
    _get_lc_collate                           - Undefined Weak Reference
    _get_lc_ctype                             - Undefined Weak Reference
    _get_lc_monetary                          - Undefined Weak Reference
    _get_lc_time                              - Undefined Weak Reference
    _getenv_init                              - Undefined Weak Reference
    _handle_redirection                       - Undefined Weak Reference
    _init_alloc                               - Undefined Weak Reference
    _init_user_alloc                          - Undefined Weak Reference
    _initio                                   - Undefined Weak Reference
    _printf_post_padding                      - Undefined Weak Reference
    _printf_pre_padding                       - Undefined Weak Reference
    _rand_init                                - Undefined Weak Reference
    _signal_finish                            - Undefined Weak Reference
    _signal_init                              - Undefined Weak Reference
    _terminate_alloc                          - Undefined Weak Reference
    _terminate_user_alloc                     - Undefined Weak Reference
    _terminateio                              - Undefined Weak Reference
    __Vectors_Size                           0x000000ec   Number         0  startup_stm32f10x_md_1.o ABSOLUTE
    __Vectors                                0x08000000   Data           4  startup_stm32f10x_md_1.o(RESET)
    __Vectors_End                            0x080000ec   Data           0  startup_stm32f10x_md_1.o(RESET)
    __main                                   0x080000ed   Thumb Code     8  __main.o(!!!main)
    __scatterload                            0x080000f5   Thumb Code     0  __scatter.o(!!!scatter)
    __scatterload_rt2                        0x080000f5   Thumb Code    44  __scatter.o(!!!scatter)
    __scatterload_rt2_thumb_only             0x080000f5   Thumb Code     0  __scatter.o(!!!scatter)
    __scatterload_null                       0x08000103   Thumb Code     0  __scatter.o(!!!scatter)
    __scatterload_copy                       0x08000129   Thumb Code    26  __scatter_copy.o(!!handler_copy)
    __scatterload_zeroinit                   0x08000145   Thumb Code    28  __scatter_zi.o(!!handler_zi)
    _printf_f                                0x08000161   Thumb Code     0  _printf_f.o(.ARM.Collect$$_printf_percent$$00000003)
    _printf_percent                          0x08000161   Thumb Code     0  _printf_percent.o(.ARM.Collect$$_printf_percent$$00000000)
    _printf_percent_end                      0x08000167   Thumb Code     0  _printf_percent_end.o(.ARM.Collect$$_printf_percent$$00000017)
    __rt_lib_init                            0x0800016b   Thumb Code     0  libinit.o(.ARM.Collect$$libinit$$00000000)
    __rt_lib_init_fp_1                       0x0800016d   Thumb Code     0  libinit2.o(.ARM.Collect$$libinit$$00000002)
    __rt_lib_init_heap_1                     0x0800016d   Thumb Code     0  libinit2.o(.ARM.Collect$$libinit$$0000000A)
    __rt_lib_init_lc_common                  0x0800016d   Thumb Code     0  libinit2.o(.ARM.Collect$$libinit$$0000000F)
    __rt_lib_init_preinit_1                  0x0800016d   Thumb Code     0  libinit2.o(.ARM.Collect$$libinit$$00000004)
    __rt_lib_init_rand_1                     0x0800016d   Thumb Code     0  libinit2.o(.ARM.Collect$$libinit$$0000000E)
    __rt_lib_init_user_alloc_1               0x0800016d   Thumb Code     0  libinit2.o(.ARM.Collect$$libinit$$0000000C)
    __rt_lib_init_lc_collate_1               0x08000173   Thumb Code     0  libinit2.o(.ARM.Collect$$libinit$$00000011)
    __rt_lib_init_lc_ctype_1                 0x08000173   Thumb Code     0  libinit2.o(.ARM.Collect$$libinit$$00000013)
    __rt_lib_init_lc_monetary_1              0x08000173   Thumb Code     0  libinit2.o(.ARM.Collect$$libinit$$00000015)
    __rt_lib_init_lc_numeric_2               0x08000173   Thumb Code     0  libinit2.o(.ARM.Collect$$libinit$$00000016)
    __rt_lib_init_alloca_1                   0x0800017d   Thumb Code     0  libinit2.o(.ARM.Collect$$libinit$$0000002E)
    __rt_lib_init_argv_1                     0x0800017d   Thumb Code     0  libinit2.o(.ARM.Collect$$libinit$$0000002C)
    __rt_lib_init_atexit_1                   0x0800017d   Thumb Code     0  libinit2.o(.ARM.Collect$$libinit$$0000001B)
    __rt_lib_init_clock_1                    0x0800017d   Thumb Code     0  libinit2.o(.ARM.Collect$$libinit$$00000021)
    __rt_lib_init_cpp_1                      0x0800017d   Thumb Code     0  libinit2.o(.ARM.Collect$$libinit$$00000032)
    __rt_lib_init_exceptions_1               0x0800017d   Thumb Code     0  libinit2.o(.ARM.Collect$$libinit$$00000030)
    __rt_lib_init_fp_trap_1                  0x0800017d   Thumb Code     0  libinit2.o(.ARM.Collect$$libinit$$0000001F)
    __rt_lib_init_getenv_1                   0x0800017d   Thumb Code     0  libinit2.o(.ARM.Collect$$libinit$$00000023)
    __rt_lib_init_lc_numeric_1               0x0800017d   Thumb Code     0  libinit2.o(.ARM.Collect$$libinit$$00000017)
    __rt_lib_init_lc_time_1                  0x0800017d   Thumb Code     0  libinit2.o(.ARM.Collect$$libinit$$00000019)
    __rt_lib_init_return                     0x0800017d   Thumb Code     0  libinit2.o(.ARM.Collect$$libinit$$00000033)
    __rt_lib_init_signal_1                   0x0800017d   Thumb Code     0  libinit2.o(.ARM.Collect$$libinit$$0000001D)
    __rt_lib_init_stdio_1                    0x0800017d   Thumb Code     0  libinit2.o(.ARM.Collect$$libinit$$00000025)
    __rt_lib_shutdown                        0x0800017f   Thumb Code     0  libshutdown.o(.ARM.Collect$$libshutdown$$00000000)
    __rt_lib_shutdown_fp_trap_1              0x08000181   Thumb Code     0  libshutdown2.o(.ARM.Collect$$libshutdown$$00000006)
    __rt_lib_shutdown_heap_1                 0x08000181   Thumb Code     0  libshutdown2.o(.ARM.Collect$$libshutdown$$0000000E)
    __rt_lib_shutdown_return                 0x08000181   Thumb Code     0  libshutdown2.o(.ARM.Collect$$libshutdown$$0000000F)
    __rt_lib_shutdown_signal_1               0x08000181   Thumb Code     0  libshutdown2.o(.ARM.Collect$$libshutdown$$00000009)
    __rt_lib_shutdown_stdio_1                0x08000181   Thumb Code     0  libshutdown2.o(.ARM.Collect$$libshutdown$$00000003)
    __rt_lib_shutdown_user_alloc_1           0x08000181   Thumb Code     0  libshutdown2.o(.ARM.Collect$$libshutdown$$0000000B)
    __rt_entry                               0x08000183   Thumb Code     0  __rtentry.o(.ARM.Collect$$rtentry$$00000000)
    __rt_entry_presh_1                       0x08000183   Thumb Code     0  __rtentry2.o(.ARM.Collect$$rtentry$$00000002)
    __rt_entry_sh                            0x08000183   Thumb Code     0  __rtentry4.o(.ARM.Collect$$rtentry$$00000004)
    __rt_entry_li                            0x08000189   Thumb Code     0  __rtentry2.o(.ARM.Collect$$rtentry$$0000000A)
    __rt_entry_postsh_1                      0x08000189   Thumb Code     0  __rtentry2.o(.ARM.Collect$$rtentry$$00000009)
    __rt_entry_main                          0x0800018d   Thumb Code     0  __rtentry2.o(.ARM.Collect$$rtentry$$0000000D)
    __rt_entry_postli_1                      0x0800018d   Thumb Code     0  __rtentry2.o(.ARM.Collect$$rtentry$$0000000C)
    __rt_exit                                0x08000195   Thumb Code     0  rtexit.o(.ARM.Collect$$rtexit$$00000000)
    __rt_exit_ls                             0x08000197   Thumb Code     0  rtexit2.o(.ARM.Collect$$rtexit$$00000003)
    __rt_exit_prels_1                        0x08000197   Thumb Code     0  rtexit2.o(.ARM.Collect$$rtexit$$00000002)
    __rt_exit_exit                           0x0800019b   Thumb Code     0  rtexit2.o(.ARM.Collect$$rtexit$$00000004)
    TIME_NVIC_Configuration                  0x080001a1   Thumb Code    42  main.o(.text)
    TIME_Configuration                       0x080001cb   Thumb Code    54  main.o(.text)
    MQ2_PPM_Calibration                      0x08000201   Thumb Code    54  main.o(.text)
    sendStr                                  0x08000237   Thumb Code    22  main.o(.text)
    delay                                    0x0800024d   Thumb Code    12  main.o(.text)
    main                                     0x08000259   Thumb Code   318  main.o(.text)
    NMI_Handler                              0x08000419   Thumb Code     2  stm32f10x_it_1.o(.text)
    HardFault_Handler                        0x0800041b   Thumb Code     4  stm32f10x_it_1.o(.text)
    MemManage_Handler                        0x0800041f   Thumb Code     4  stm32f10x_it_1.o(.text)
    BusFault_Handler                         0x08000423   Thumb Code     4  stm32f10x_it_1.o(.text)
    UsageFault_Handler                       0x08000427   Thumb Code     4  stm32f10x_it_1.o(.text)
    SVC_Handler                              0x0800042b   Thumb Code     2  stm32f10x_it_1.o(.text)
    DebugMon_Handler                         0x0800042d   Thumb Code     2  stm32f10x_it_1.o(.text)
    PendSV_Handler                           0x0800042f   Thumb Code     2  stm32f10x_it_1.o(.text)
    SysTick_Handler                          0x08000431   Thumb Code     2  stm32f10x_it_1.o(.text)
    LEDDisplay_GPIO_Config                   0x08000435   Thumb Code    76  leddisplay.o(.text)
    Delay_xms                                0x08000481   Thumb Code    22  leddisplay.o(.text)
    Write_Max7219_byte                       0x08000497   Thumb Code    80  leddisplay.o(.text)
    Write_Max7219                            0x080004e7   Thumb Code    40  leddisplay.o(.text)
    Init_MAX7219                             0x0800050f   Thumb Code    44  leddisplay.o(.text)
    LEDDisplay                               0x0800053b   Thumb Code   324  leddisplay.o(.text)
    LEDDisplayConfig                         0x0800067f   Thumb Code    38  leddisplay.o(.text)
    Adc_GPIO_Config                          0x080006bd   Thumb Code    34  adc.o(.text)
    Adc_Config                               0x080006df   Thumb Code   114  adc.o(.text)
    GetMQ_2Res                               0x08000751   Thumb Code   182  adc.o(.text)
    USART1_Config                            0x08000825   Thumb Code   164  usart1.o(.text)
    UART1SendByte                            0x080008c9   Thumb Code    28  usart1.o(.text)
    UART1GetByte                             0x080008e5   Thumb Code    30  usart1.o(.text)
    USART1_IRQHandler                        0x08000903   Thumb Code   166  usart1.o(.text)
    USART2_Config                            0x080009a9   Thumb Code   150  usart1.o(.text)
    UART2SendByte                            0x08000a3f   Thumb Code    28  usart1.o(.text)
    USART2_IRQHandler                        0x08000a5b   Thumb Code   188  usart1.o(.text)
    NVIC_PriorityGroupConfig                 0x08000b25   Thumb Code    10  misc.o(.text)
    NVIC_Init                                0x08000b2f   Thumb Code   100  misc.o(.text)
    NVIC_SetVectorTable                      0x08000b93   Thumb Code    14  misc.o(.text)
    NVIC_SystemLPConfig                      0x08000ba1   Thumb Code    34  misc.o(.text)
    SysTick_CLKSourceConfig                  0x08000bc3   Thumb Code    40  misc.o(.text)
    ADC_DeInit                               0x08000c01   Thumb Code    78  stm32f10x_adc.o(.text)
    ADC_Init                                 0x08000c4f   Thumb Code    70  stm32f10x_adc.o(.text)
    ADC_StructInit                           0x08000c95   Thumb Code    18  stm32f10x_adc.o(.text)
    ADC_Cmd                                  0x08000ca7   Thumb Code    22  stm32f10x_adc.o(.text)
    ADC_DMACmd                               0x08000cbd   Thumb Code    22  stm32f10x_adc.o(.text)
    ADC_ITConfig                             0x08000cd3   Thumb Code    24  stm32f10x_adc.o(.text)
    ADC_ResetCalibration                     0x08000ceb   Thumb Code    10  stm32f10x_adc.o(.text)
    ADC_GetResetCalibrationStatus            0x08000cf5   Thumb Code    20  stm32f10x_adc.o(.text)
    ADC_StartCalibration                     0x08000d09   Thumb Code    10  stm32f10x_adc.o(.text)
    ADC_GetCalibrationStatus                 0x08000d13   Thumb Code    20  stm32f10x_adc.o(.text)
    ADC_SoftwareStartConvCmd                 0x08000d27   Thumb Code    22  stm32f10x_adc.o(.text)
    ADC_GetSoftwareStartConvStatus           0x08000d3d   Thumb Code    20  stm32f10x_adc.o(.text)
    ADC_DiscModeChannelCountConfig           0x08000d51   Thumb Code    24  stm32f10x_adc.o(.text)
    ADC_DiscModeCmd                          0x08000d69   Thumb Code    22  stm32f10x_adc.o(.text)
    ADC_RegularChannelConfig                 0x08000d7f   Thumb Code   184  stm32f10x_adc.o(.text)
    ADC_ExternalTrigConvCmd                  0x08000e37   Thumb Code    22  stm32f10x_adc.o(.text)
    ADC_GetConversionValue                   0x08000e4d   Thumb Code     8  stm32f10x_adc.o(.text)
    ADC_GetDualModeConversionValue           0x08000e55   Thumb Code     8  stm32f10x_adc.o(.text)
    ADC_AutoInjectedConvCmd                  0x08000e5d   Thumb Code    22  stm32f10x_adc.o(.text)
    ADC_InjectedDiscModeCmd                  0x08000e73   Thumb Code    22  stm32f10x_adc.o(.text)
    ADC_ExternalTrigInjectedConvConfig       0x08000e89   Thumb Code    16  stm32f10x_adc.o(.text)
    ADC_ExternalTrigInjectedConvCmd          0x08000e99   Thumb Code    22  stm32f10x_adc.o(.text)
    ADC_SoftwareStartInjectedConvCmd         0x08000eaf   Thumb Code    22  stm32f10x_adc.o(.text)
    ADC_GetSoftwareStartInjectedConvCmdStatus 0x08000ec5   Thumb Code    20  stm32f10x_adc.o(.text)
    ADC_InjectedChannelConfig                0x08000ed9   Thumb Code   130  stm32f10x_adc.o(.text)
    ADC_InjectedSequencerLengthConfig        0x08000f5b   Thumb Code    24  stm32f10x_adc.o(.text)
    ADC_SetInjectedOffset                    0x08000f73   Thumb Code    20  stm32f10x_adc.o(.text)
    ADC_GetInjectedConversionValue           0x08000f87   Thumb Code    28  stm32f10x_adc.o(.text)
    ADC_AnalogWatchdogCmd                    0x08000fa3   Thumb Code    16  stm32f10x_adc.o(.text)
    ADC_AnalogWatchdogThresholdsConfig       0x08000fb3   Thumb Code     6  stm32f10x_adc.o(.text)
    ADC_AnalogWatchdogSingleChannelConfig    0x08000fb9   Thumb Code    16  stm32f10x_adc.o(.text)
    ADC_TempSensorVrefintCmd                 0x08000fc9   Thumb Code    64  stm32f10x_adc.o(.text)
    ADC_GetFlagStatus                        0x08001009   Thumb Code    18  stm32f10x_adc.o(.text)
    ADC_ClearFlag                            0x0800101b   Thumb Code     6  stm32f10x_adc.o(.text)
    ADC_GetITStatus                          0x08001021   Thumb Code    36  stm32f10x_adc.o(.text)
    ADC_ClearITPendingBit                    0x08001045   Thumb Code    10  stm32f10x_adc.o(.text)
    GPIO_DeInit                              0x08001051   Thumb Code   172  stm32f10x_gpio.o(.text)
    GPIO_AFIODeInit                          0x080010fd   Thumb Code    20  stm32f10x_gpio.o(.text)
    GPIO_Init                                0x08001111   Thumb Code   278  stm32f10x_gpio.o(.text)
    GPIO_StructInit                          0x08001227   Thumb Code    16  stm32f10x_gpio.o(.text)
    GPIO_ReadInputDataBit                    0x08001237   Thumb Code    18  stm32f10x_gpio.o(.text)
    GPIO_ReadInputData                       0x08001249   Thumb Code     8  stm32f10x_gpio.o(.text)
    GPIO_ReadOutputDataBit                   0x08001251   Thumb Code    18  stm32f10x_gpio.o(.text)
    GPIO_ReadOutputData                      0x08001263   Thumb Code     8  stm32f10x_gpio.o(.text)
    GPIO_SetBits                             0x0800126b   Thumb Code     4  stm32f10x_gpio.o(.text)
    GPIO_ResetBits                           0x0800126f   Thumb Code     4  stm32f10x_gpio.o(.text)
    GPIO_WriteBit                            0x08001273   Thumb Code    10  stm32f10x_gpio.o(.text)
    GPIO_Write                               0x0800127d   Thumb Code     4  stm32f10x_gpio.o(.text)
    GPIO_PinLockConfig                       0x08001281   Thumb Code    18  stm32f10x_gpio.o(.text)
    GPIO_EventOutputConfig                   0x08001293   Thumb Code    26  stm32f10x_gpio.o(.text)
    GPIO_EventOutputCmd                      0x080012ad   Thumb Code     6  stm32f10x_gpio.o(.text)
    GPIO_PinRemapConfig                      0x080012b3   Thumb Code   138  stm32f10x_gpio.o(.text)
    GPIO_EXTILineConfig                      0x0800133d   Thumb Code    66  stm32f10x_gpio.o(.text)
    GPIO_ETH_MediaInterfaceConfig            0x0800137f   Thumb Code     8  stm32f10x_gpio.o(.text)
    RCC_DeInit                               0x080013ad   Thumb Code    64  stm32f10x_rcc.o(.text)
    RCC_HSEConfig                            0x080013ed   Thumb Code    70  stm32f10x_rcc.o(.text)
    RCC_GetFlagStatus                        0x08001433   Thumb Code    56  stm32f10x_rcc.o(.text)
    RCC_WaitForHSEStartUp                    0x0800146b   Thumb Code    56  stm32f10x_rcc.o(.text)
    RCC_AdjustHSICalibrationValue            0x080014a3   Thumb Code    20  stm32f10x_rcc.o(.text)
    RCC_HSICmd                               0x080014b7   Thumb Code     6  stm32f10x_rcc.o(.text)
    RCC_PLLConfig                            0x080014bd   Thumb Code    24  stm32f10x_rcc.o(.text)
    RCC_PLLCmd                               0x080014d5   Thumb Code     6  stm32f10x_rcc.o(.text)
    RCC_SYSCLKConfig                         0x080014db   Thumb Code    18  stm32f10x_rcc.o(.text)
    RCC_GetSYSCLKSource                      0x080014ed   Thumb Code    10  stm32f10x_rcc.o(.text)
    RCC_HCLKConfig                           0x080014f7   Thumb Code    18  stm32f10x_rcc.o(.text)
    RCC_PCLK1Config                          0x08001509   Thumb Code    18  stm32f10x_rcc.o(.text)
    RCC_PCLK2Config                          0x0800151b   Thumb Code    20  stm32f10x_rcc.o(.text)
    RCC_ITConfig                             0x0800152f   Thumb Code    26  stm32f10x_rcc.o(.text)
    RCC_USBCLKConfig                         0x08001549   Thumb Code     8  stm32f10x_rcc.o(.text)
    RCC_ADCCLKConfig                         0x08001551   Thumb Code    18  stm32f10x_rcc.o(.text)
    RCC_LSEConfig                            0x08001563   Thumb Code    50  stm32f10x_rcc.o(.text)
    RCC_LSICmd                               0x08001595   Thumb Code     6  stm32f10x_rcc.o(.text)
    RCC_RTCCLKConfig                         0x0800159b   Thumb Code    12  stm32f10x_rcc.o(.text)
    RCC_RTCCLKCmd                            0x080015a7   Thumb Code     8  stm32f10x_rcc.o(.text)
    RCC_GetClocksFreq                        0x080015af   Thumb Code   192  stm32f10x_rcc.o(.text)
    RCC_AHBPeriphClockCmd                    0x0800166f   Thumb Code    26  stm32f10x_rcc.o(.text)
    RCC_APB2PeriphClockCmd                   0x08001689   Thumb Code    26  stm32f10x_rcc.o(.text)
    RCC_APB1PeriphClockCmd                   0x080016a3   Thumb Code    26  stm32f10x_rcc.o(.text)
    RCC_APB2PeriphResetCmd                   0x080016bd   Thumb Code    26  stm32f10x_rcc.o(.text)
    RCC_APB1PeriphResetCmd                   0x080016d7   Thumb Code    26  stm32f10x_rcc.o(.text)
    RCC_BackupResetCmd                       0x080016f1   Thumb Code     8  stm32f10x_rcc.o(.text)
    RCC_ClockSecuritySystemCmd               0x080016f9   Thumb Code     6  stm32f10x_rcc.o(.text)
    RCC_MCOConfig                            0x080016ff   Thumb Code     6  stm32f10x_rcc.o(.text)
    RCC_ClearFlag                            0x08001705   Thumb Code    14  stm32f10x_rcc.o(.text)
    RCC_GetITStatus                          0x08001713   Thumb Code    20  stm32f10x_rcc.o(.text)
    RCC_ClearITPendingBit                    0x08001727   Thumb Code     6  stm32f10x_rcc.o(.text)
    TIM_DeInit                               0x08001751   Thumb Code   424  stm32f10x_tim.o(.text)
    TIM_TimeBaseInit                         0x080018f9   Thumb Code   122  stm32f10x_tim.o(.text)
    TIM_OC1Init                              0x08001973   Thumb Code   132  stm32f10x_tim.o(.text)
    TIM_OC2Init                              0x080019f7   Thumb Code   154  stm32f10x_tim.o(.text)
    TIM_OC3Init                              0x08001a91   Thumb Code   150  stm32f10x_tim.o(.text)
    TIM_OC4Init                              0x08001b27   Thumb Code   182  stm32f10x_tim.o(.text)
    TIM_SetIC4Prescaler                      0x08001bdd   Thumb Code    26  stm32f10x_tim.o(.text)
    TIM_SetIC3Prescaler                      0x08001c79   Thumb Code    18  stm32f10x_tim.o(.text)
    TIM_SetIC2Prescaler                      0x08001d05   Thumb Code    26  stm32f10x_tim.o(.text)
    TIM_SetIC1Prescaler                      0x08001da1   Thumb Code    18  stm32f10x_tim.o(.text)
    TIM_ICInit                               0x08001e1f   Thumb Code   150  stm32f10x_tim.o(.text)
    TIM_PWMIConfig                           0x08001eb5   Thumb Code   124  stm32f10x_tim.o(.text)
    TIM_BDTRConfig                           0x08001f31   Thumb Code    32  stm32f10x_tim.o(.text)
    TIM_TimeBaseStructInit                   0x08001f51   Thumb Code    18  stm32f10x_tim.o(.text)
    TIM_OCStructInit                         0x08001f63   Thumb Code    20  stm32f10x_tim.o(.text)
    TIM_ICStructInit                         0x08001f77   Thumb Code    18  stm32f10x_tim.o(.text)
    TIM_BDTRStructInit                       0x08001f89   Thumb Code    40  stm32f10x_tim.o(.text)
    TIM_Cmd                                  0x08001fb1   Thumb Code    24  stm32f10x_tim.o(.text)
    TIM_CtrlPWMOutputs                       0x08001fc9   Thumb Code    30  stm32f10x_tim.o(.text)
    TIM_ITConfig                             0x08001fe7   Thumb Code    18  stm32f10x_tim.o(.text)
    TIM_GenerateEvent                        0x08001ff9   Thumb Code     4  stm32f10x_tim.o(.text)
    TIM_DMAConfig                            0x08001ffd   Thumb Code    10  stm32f10x_tim.o(.text)
    TIM_DMACmd                               0x08002007   Thumb Code    18  stm32f10x_tim.o(.text)
    TIM_InternalClockConfig                  0x08002019   Thumb Code    12  stm32f10x_tim.o(.text)
    TIM_SelectInputTrigger                   0x08002025   Thumb Code    18  stm32f10x_tim.o(.text)
    TIM_ITRxExternalClockConfig              0x08002037   Thumb Code    24  stm32f10x_tim.o(.text)
    TIM_TIxExternalClockConfig               0x0800204f   Thumb Code    62  stm32f10x_tim.o(.text)
    TIM_ETRConfig                            0x0800208d   Thumb Code    28  stm32f10x_tim.o(.text)
    TIM_ETRClockMode1Config                  0x080020a9   Thumb Code    54  stm32f10x_tim.o(.text)
    TIM_ETRClockMode2Config                  0x080020df   Thumb Code    32  stm32f10x_tim.o(.text)
    TIM_PrescalerConfig                      0x080020ff   Thumb Code     6  stm32f10x_tim.o(.text)
    TIM_CounterModeConfig                    0x08002105   Thumb Code    18  stm32f10x_tim.o(.text)
    TIM_EncoderInterfaceConfig               0x08002117   Thumb Code    66  stm32f10x_tim.o(.text)
    TIM_ForcedOC1Config                      0x08002159   Thumb Code    18  stm32f10x_tim.o(.text)
    TIM_ForcedOC2Config                      0x0800216b   Thumb Code    26  stm32f10x_tim.o(.text)
    TIM_ForcedOC3Config                      0x08002185   Thumb Code    18  stm32f10x_tim.o(.text)
    TIM_ForcedOC4Config                      0x08002197   Thumb Code    26  stm32f10x_tim.o(.text)
    TIM_ARRPreloadConfig                     0x080021b1   Thumb Code    24  stm32f10x_tim.o(.text)
    TIM_SelectCOM                            0x080021c9   Thumb Code    24  stm32f10x_tim.o(.text)
    TIM_SelectCCDMA                          0x080021e1   Thumb Code    24  stm32f10x_tim.o(.text)
    TIM_CCPreloadControl                     0x080021f9   Thumb Code    24  stm32f10x_tim.o(.text)
    TIM_OC1PreloadConfig                     0x08002211   Thumb Code    18  stm32f10x_tim.o(.text)
    TIM_OC2PreloadConfig                     0x08002223   Thumb Code    26  stm32f10x_tim.o(.text)
    TIM_OC3PreloadConfig                     0x0800223d   Thumb Code    18  stm32f10x_tim.o(.text)
    TIM_OC4PreloadConfig                     0x0800224f   Thumb Code    26  stm32f10x_tim.o(.text)
    TIM_OC1FastConfig                        0x08002269   Thumb Code    18  stm32f10x_tim.o(.text)
    TIM_OC2FastConfig                        0x0800227b   Thumb Code    26  stm32f10x_tim.o(.text)
    TIM_OC3FastConfig                        0x08002295   Thumb Code    18  stm32f10x_tim.o(.text)
    TIM_OC4FastConfig                        0x080022a7   Thumb Code    26  stm32f10x_tim.o(.text)
    TIM_ClearOC1Ref                          0x080022c1   Thumb Code    18  stm32f10x_tim.o(.text)
    TIM_ClearOC2Ref                          0x080022d3   Thumb Code    24  stm32f10x_tim.o(.text)
    TIM_ClearOC3Ref                          0x080022eb   Thumb Code    18  stm32f10x_tim.o(.text)
    TIM_ClearOC4Ref                          0x080022fd   Thumb Code    24  stm32f10x_tim.o(.text)
    TIM_OC1PolarityConfig                    0x08002315   Thumb Code    18  stm32f10x_tim.o(.text)
    TIM_OC1NPolarityConfig                   0x08002327   Thumb Code    18  stm32f10x_tim.o(.text)
    TIM_OC2PolarityConfig                    0x08002339   Thumb Code    26  stm32f10x_tim.o(.text)
    TIM_OC2NPolarityConfig                   0x08002353   Thumb Code    26  stm32f10x_tim.o(.text)
    TIM_OC3PolarityConfig                    0x0800236d   Thumb Code    26  stm32f10x_tim.o(.text)
    TIM_OC3NPolarityConfig                   0x08002387   Thumb Code    26  stm32f10x_tim.o(.text)
    TIM_OC4PolarityConfig                    0x080023a1   Thumb Code    26  stm32f10x_tim.o(.text)
    TIM_CCxCmd                               0x080023bb   Thumb Code    30  stm32f10x_tim.o(.text)
    TIM_CCxNCmd                              0x080023d9   Thumb Code    30  stm32f10x_tim.o(.text)
    TIM_SelectOCxM                           0x080023f7   Thumb Code    82  stm32f10x_tim.o(.text)
    TIM_UpdateDisableConfig                  0x08002449   Thumb Code    24  stm32f10x_tim.o(.text)
    TIM_UpdateRequestConfig                  0x08002461   Thumb Code    24  stm32f10x_tim.o(.text)
    TIM_SelectHallSensor                     0x08002479   Thumb Code    24  stm32f10x_tim.o(.text)
    TIM_SelectOnePulseMode                   0x08002491   Thumb Code    18  stm32f10x_tim.o(.text)
    TIM_SelectOutputTrigger                  0x080024a3   Thumb Code    18  stm32f10x_tim.o(.text)
    TIM_SelectSlaveMode                      0x080024b5   Thumb Code    18  stm32f10x_tim.o(.text)
    TIM_SelectMasterSlaveMode                0x080024c7   Thumb Code    18  stm32f10x_tim.o(.text)
    TIM_SetCounter                           0x080024d9   Thumb Code     4  stm32f10x_tim.o(.text)
    TIM_SetAutoreload                        0x080024dd   Thumb Code     4  stm32f10x_tim.o(.text)
    TIM_SetCompare1                          0x080024e1   Thumb Code     4  stm32f10x_tim.o(.text)
    TIM_SetCompare2                          0x080024e5   Thumb Code     4  stm32f10x_tim.o(.text)
    TIM_SetCompare3                          0x080024e9   Thumb Code     4  stm32f10x_tim.o(.text)
    TIM_SetCompare4                          0x080024ed   Thumb Code     6  stm32f10x_tim.o(.text)
    TIM_SetClockDivision                     0x080024f3   Thumb Code    18  stm32f10x_tim.o(.text)
    TIM_GetCapture1                          0x08002505   Thumb Code     6  stm32f10x_tim.o(.text)
    TIM_GetCapture2                          0x0800250b   Thumb Code     6  stm32f10x_tim.o(.text)
    TIM_GetCapture3                          0x08002511   Thumb Code     6  stm32f10x_tim.o(.text)
    TIM_GetCapture4                          0x08002517   Thumb Code     8  stm32f10x_tim.o(.text)
    TIM_GetCounter                           0x0800251f   Thumb Code     6  stm32f10x_tim.o(.text)
    TIM_GetPrescaler                         0x08002525   Thumb Code     6  stm32f10x_tim.o(.text)
    TIM_GetFlagStatus                        0x0800252b   Thumb Code    18  stm32f10x_tim.o(.text)
    TIM_ClearFlag                            0x0800253d   Thumb Code     6  stm32f10x_tim.o(.text)
    TIM_GetITStatus                          0x08002543   Thumb Code    34  stm32f10x_tim.o(.text)
    TIM_ClearITPendingBit                    0x08002565   Thumb Code     6  stm32f10x_tim.o(.text)
    USART_DeInit                             0x0800256d   Thumb Code   134  stm32f10x_usart.o(.text)
    USART_Init                               0x080025f3   Thumb Code   210  stm32f10x_usart.o(.text)
    USART_StructInit                         0x080026c5   Thumb Code    24  stm32f10x_usart.o(.text)
    USART_ClockInit                          0x080026dd   Thumb Code    34  stm32f10x_usart.o(.text)
    USART_ClockStructInit                    0x080026ff   Thumb Code    12  stm32f10x_usart.o(.text)
    USART_Cmd                                0x0800270b   Thumb Code    24  stm32f10x_usart.o(.text)
    USART_ITConfig                           0x08002723   Thumb Code    74  stm32f10x_usart.o(.text)
    USART_DMACmd                             0x0800276d   Thumb Code    18  stm32f10x_usart.o(.text)
    USART_SetAddress                         0x0800277f   Thumb Code    18  stm32f10x_usart.o(.text)
    USART_WakeUpConfig                       0x08002791   Thumb Code    18  stm32f10x_usart.o(.text)
    USART_ReceiverWakeUpCmd                  0x080027a3   Thumb Code    24  stm32f10x_usart.o(.text)
    USART_LINBreakDetectLengthConfig         0x080027bb   Thumb Code    18  stm32f10x_usart.o(.text)
    USART_LINCmd                             0x080027cd   Thumb Code    24  stm32f10x_usart.o(.text)
    USART_SendData                           0x080027e5   Thumb Code     8  stm32f10x_usart.o(.text)
    USART_ReceiveData                        0x080027ed   Thumb Code    10  stm32f10x_usart.o(.text)
    USART_SendBreak                          0x080027f7   Thumb Code    10  stm32f10x_usart.o(.text)
    USART_SetGuardTime                       0x08002801   Thumb Code    16  stm32f10x_usart.o(.text)
    USART_SetPrescaler                       0x08002811   Thumb Code    16  stm32f10x_usart.o(.text)
    USART_SmartCardCmd                       0x08002821   Thumb Code    24  stm32f10x_usart.o(.text)
    USART_SmartCardNACKCmd                   0x08002839   Thumb Code    24  stm32f10x_usart.o(.text)
    USART_HalfDuplexCmd                      0x08002851   Thumb Code    24  stm32f10x_usart.o(.text)
    USART_OverSampling8Cmd                   0x08002869   Thumb Code    22  stm32f10x_usart.o(.text)
    USART_OneBitMethodCmd                    0x0800287f   Thumb Code    24  stm32f10x_usart.o(.text)
    USART_IrDAConfig                         0x08002897   Thumb Code    18  stm32f10x_usart.o(.text)
    USART_IrDACmd                            0x080028a9   Thumb Code    24  stm32f10x_usart.o(.text)
    USART_GetFlagStatus                      0x080028c1   Thumb Code    26  stm32f10x_usart.o(.text)
    USART_ClearFlag                          0x080028db   Thumb Code    18  stm32f10x_usart.o(.text)
    USART_GetITStatus                        0x080028ed   Thumb Code    84  stm32f10x_usart.o(.text)
    USART_ClearITPendingBit                  0x08002941   Thumb Code    52  stm32f10x_usart.o(.text)
    Reset_Handler                            0x08002975   Thumb Code     8  startup_stm32f10x_md_1.o(.text)
    ADC1_2_IRQHandler                        0x0800298f   Thumb Code     0  startup_stm32f10x_md_1.o(.text)
    CAN1_RX1_IRQHandler                      0x0800298f   Thumb Code     0  startup_stm32f10x_md_1.o(.text)
    CAN1_SCE_IRQHandler                      0x0800298f   Thumb Code     0  startup_stm32f10x_md_1.o(.text)
    DMA1_Channel1_IRQHandler                 0x0800298f   Thumb Code     0  startup_stm32f10x_md_1.o(.text)
    DMA1_Channel2_IRQHandler                 0x0800298f   Thumb Code     0  startup_stm32f10x_md_1.o(.text)
    DMA1_Channel3_IRQHandler                 0x0800298f   Thumb Code     0  startup_stm32f10x_md_1.o(.text)
    DMA1_Channel4_IRQHandler                 0x0800298f   Thumb Code     0  startup_stm32f10x_md_1.o(.text)
    DMA1_Channel5_IRQHandler                 0x0800298f   Thumb Code     0  startup_stm32f10x_md_1.o(.text)
    DMA1_Channel6_IRQHandler                 0x0800298f   Thumb Code     0  startup_stm32f10x_md_1.o(.text)
    DMA1_Channel7_IRQHandler                 0x0800298f   Thumb Code     0  startup_stm32f10x_md_1.o(.text)
    EXTI0_IRQHandler                         0x0800298f   Thumb Code     0  startup_stm32f10x_md_1.o(.text)
    EXTI15_10_IRQHandler                     0x0800298f   Thumb Code     0  startup_stm32f10x_md_1.o(.text)
    EXTI1_IRQHandler                         0x0800298f   Thumb Code     0  startup_stm32f10x_md_1.o(.text)
    EXTI2_IRQHandler                         0x0800298f   Thumb Code     0  startup_stm32f10x_md_1.o(.text)
    EXTI3_IRQHandler                         0x0800298f   Thumb Code     0  startup_stm32f10x_md_1.o(.text)
    EXTI4_IRQHandler                         0x0800298f   Thumb Code     0  startup_stm32f10x_md_1.o(.text)
    EXTI9_5_IRQHandler                       0x0800298f   Thumb Code     0  startup_stm32f10x_md_1.o(.text)
    FLASH_IRQHandler                         0x0800298f   Thumb Code     0  startup_stm32f10x_md_1.o(.text)
    I2C1_ER_IRQHandler                       0x0800298f   Thumb Code     0  startup_stm32f10x_md_1.o(.text)
    I2C1_EV_IRQHandler                       0x0800298f   Thumb Code     0  startup_stm32f10x_md_1.o(.text)
    I2C2_ER_IRQHandler                       0x0800298f   Thumb Code     0  startup_stm32f10x_md_1.o(.text)
    I2C2_EV_IRQHandler                       0x0800298f   Thumb Code     0  startup_stm32f10x_md_1.o(.text)
    PVD_IRQHandler                           0x0800298f   Thumb Code     0  startup_stm32f10x_md_1.o(.text)
    RCC_IRQHandler                           0x0800298f   Thumb Code     0  startup_stm32f10x_md_1.o(.text)
    RTCAlarm_IRQHandler                      0x0800298f   Thumb Code     0  startup_stm32f10x_md_1.o(.text)
    RTC_IRQHandler                           0x0800298f   Thumb Code     0  startup_stm32f10x_md_1.o(.text)
    SPI1_IRQHandler                          0x0800298f   Thumb Code     0  startup_stm32f10x_md_1.o(.text)
    SPI2_IRQHandler                          0x0800298f   Thumb Code     0  startup_stm32f10x_md_1.o(.text)
    TAMPER_IRQHandler                        0x0800298f   Thumb Code     0  startup_stm32f10x_md_1.o(.text)
    TIM1_BRK_IRQHandler                      0x0800298f   Thumb Code     0  startup_stm32f10x_md_1.o(.text)
    TIM1_CC_IRQHandler                       0x0800298f   Thumb Code     0  startup_stm32f10x_md_1.o(.text)
    TIM1_TRG_COM_IRQHandler                  0x0800298f   Thumb Code     0  startup_stm32f10x_md_1.o(.text)
    TIM1_UP_IRQHandler                       0x0800298f   Thumb Code     0  startup_stm32f10x_md_1.o(.text)
    TIM2_IRQHandler                          0x0800298f   Thumb Code     0  startup_stm32f10x_md_1.o(.text)
    TIM3_IRQHandler                          0x0800298f   Thumb Code     0  startup_stm32f10x_md_1.o(.text)
    TIM4_IRQHandler                          0x0800298f   Thumb Code     0  startup_stm32f10x_md_1.o(.text)
    USART3_IRQHandler                        0x0800298f   Thumb Code     0  startup_stm32f10x_md_1.o(.text)
    USBWakeUp_IRQHandler                     0x0800298f   Thumb Code     0  startup_stm32f10x_md_1.o(.text)
    USB_HP_CAN1_TX_IRQHandler                0x0800298f   Thumb Code     0  startup_stm32f10x_md_1.o(.text)
    USB_LP_CAN1_RX0_IRQHandler               0x0800298f   Thumb Code     0  startup_stm32f10x_md_1.o(.text)
    WWDG_IRQHandler                          0x0800298f   Thumb Code     0  startup_stm32f10x_md_1.o(.text)
    __user_initial_stackheap                 0x08002991   Thumb Code     0  startup_stm32f10x_md_1.o(.text)
    SystemInit                               0x08002a93   Thumb Code    78  system_stm32f10x_1.o(.text)
    SystemCoreClockUpdate                    0x08002ae1   Thumb Code   142  system_stm32f10x_1.o(.text)
    __2sprintf                               0x08002b95   Thumb Code    34  noretval__2sprintf.o(.text)
    __printf                                 0x08002bbd   Thumb Code   270  __printf_wp.o(.text)
    __aeabi_memclr4                          0x08002ccb   Thumb Code     0  rt_memclr_w.o(.text)
    __aeabi_memclr8                          0x08002ccb   Thumb Code     0  rt_memclr_w.o(.text)
    __rt_memclr_w                            0x08002ccb   Thumb Code    78  rt_memclr_w.o(.text)
    _memset_w                                0x08002ccf   Thumb Code     0  rt_memclr_w.o(.text)
    __use_two_region_memory                  0x08002d19   Thumb Code     2  heapauxi.o(.text)
    __rt_heap_escrow$2region                 0x08002d1b   Thumb Code     2  heapauxi.o(.text)
    __rt_heap_expand$2region                 0x08002d1d   Thumb Code     2  heapauxi.o(.text)
    __read_errno                             0x08002d1f   Thumb Code    10  _rserrno.o(.text)
    __set_errno                              0x08002d29   Thumb Code    12  _rserrno.o(.text)
    __lib_sel_fp_printf                      0x08002d35   Thumb Code     2  _printf_fp_dec.o(.text)
    _printf_fp_dec_real                      0x08002ee3   Thumb Code   620  _printf_fp_dec.o(.text)
    _printf_char_common                      0x0800315b   Thumb Code    32  _printf_char_common.o(.text)
    _sputc                                   0x08003181   Thumb Code    10  _sputc.o(.text)
    __rt_locale                              0x0800318d   Thumb Code     8  rt_locale_intlibspace.o(.text)
    __aeabi_errno_addr                       0x08003195   Thumb Code     8  rt_errno_addr_intlibspace.o(.text)
    __errno$intlibspace                      0x08003195   Thumb Code     0  rt_errno_addr_intlibspace.o(.text)
    __rt_errno_addr$intlibspace              0x08003195   Thumb Code     0  rt_errno_addr_intlibspace.o(.text)
    _ll_udiv10                               0x0800319d   Thumb Code   138  lludiv10.o(.text)
    _printf_fp_infnan                        0x08003229   Thumb Code   112  _printf_fp_infnan.o(.text)
    _btod_etento                             0x080032a9   Thumb Code   216  bigflt0.o(.text)
    __user_libspace                          0x08003385   Thumb Code     8  libspace.o(.text)
    __user_perproc_libspace                  0x08003385   Thumb Code     0  libspace.o(.text)
    __user_perthread_libspace                0x08003385   Thumb Code     0  libspace.o(.text)
    __user_setup_stackheap                   0x0800338d   Thumb Code    74  sys_stackheap_outer.o(.text)
    exit                                     0x080033d7   Thumb Code    12  exit.o(.text)
    strcmp                                   0x080033e5   Thumb Code   128  strcmpv7m.o(.text)
    _sys_exit                                0x08003465   Thumb Code     8  sys_exit.o(.text)
    __I$use$semihosting                      0x08003471   Thumb Code     0  use_no_semi.o(.text)
    __use_no_semihosting_swi                 0x08003471   Thumb Code     2  use_no_semi.o(.text)
    __semihosting_library_function           0x08003473   Thumb Code     0  indicate_semi.o(.text)
    _btod_d2e                                0x08003473   Thumb Code    62  btod.o(CL$$btod_d2e)
    _d2e_denorm_low                          0x080034b1   Thumb Code    70  btod.o(CL$$btod_d2e_denorm_low)
    _d2e_norm_op1                            0x080034f7   Thumb Code    96  btod.o(CL$$btod_d2e_norm_op1)
    __btod_div_common                        0x08003557   Thumb Code   696  btod.o(CL$$btod_div_common)
    _e2e                                     0x0800388f   Thumb Code   198  btod.o(CL$$btod_e2e)
    _btod_ediv                               0x08003955   Thumb Code    40  btod.o(CL$$btod_ediv)
    _btod_emul                               0x0800397d   Thumb Code    40  btod.o(CL$$btod_emul)
    __btod_mult_common                       0x080039a5   Thumb Code   580  btod.o(CL$$btod_mult_common)
    __ARM_fpclassify                         0x08003be9   Thumb Code    40  fpclassify.o(i.__ARM_fpclassify)
    __kernel_poly                            0x08003c11   Thumb Code   170  poly.o(i.__kernel_poly)
    __mathlib_dbl_divzero                    0x08003cbd   Thumb Code    12  dunder.o(i.__mathlib_dbl_divzero)
    __mathlib_dbl_infnan2                    0x08003ccd   Thumb Code     4  dunder.o(i.__mathlib_dbl_infnan2)
    __mathlib_dbl_invalid                    0x08003cd1   Thumb Code    12  dunder.o(i.__mathlib_dbl_invalid)
    __mathlib_dbl_overflow                   0x08003cdd   Thumb Code    14  dunder.o(i.__mathlib_dbl_overflow)
    __mathlib_dbl_underflow                  0x08003ced   Thumb Code    10  dunder.o(i.__mathlib_dbl_underflow)
    _is_digit                                0x08003cfd   Thumb Code    14  __printf_wp.o(i._is_digit)
    pow                                      0x08003d0d   Thumb Code  2478  pow.o(i.pow)
    sqrt                                     0x080046c5   Thumb Code    76  sqrt.o(i.sqrt)
    _get_lc_numeric                          0x08004711   Thumb Code    44  lc_numeric_c.o(locale$$code)
    __aeabi_d2f                              0x0800473d   Thumb Code     0  d2f.o(x$fpl$d2f)
    _d2f                                     0x0800473d   Thumb Code    98  d2f.o(x$fpl$d2f)
    __aeabi_dadd                             0x080047a1   Thumb Code     0  daddsub_clz.o(x$fpl$dadd)
    _dadd                                    0x080047a1   Thumb Code   332  daddsub_clz.o(x$fpl$dadd)
    __fpl_dcheck_NaN1                        0x080048f1   Thumb Code    10  dcheck1.o(x$fpl$dcheck1)
    __fpl_dcmp_Inf                           0x08004901   Thumb Code    24  dcmpi.o(x$fpl$dcmpinf)
    __aeabi_ddiv                             0x08004919   Thumb Code     0  ddiv.o(x$fpl$ddiv)
    _ddiv                                    0x08004919   Thumb Code   552  ddiv.o(x$fpl$ddiv)
    __aeabi_i2d                              0x08004bc9   Thumb Code     0  dflt_clz.o(x$fpl$dflt)
    _dflt                                    0x08004bc9   Thumb Code    46  dflt_clz.o(x$fpl$dflt)
    __aeabi_cdcmple                          0x08004bf9   Thumb Code     0  dleqf.o(x$fpl$dleqf)
    _dcmple                                  0x08004bf9   Thumb Code   120  dleqf.o(x$fpl$dleqf)
    __fpl_dcmple_InfNaN                      0x08004c5b   Thumb Code     0  dleqf.o(x$fpl$dleqf)
    __aeabi_dmul                             0x08004c71   Thumb Code     0  dmul.o(x$fpl$dmul)
    _dmul                                    0x08004c71   Thumb Code   332  dmul.o(x$fpl$dmul)
    __fpl_dnaninf                            0x08004dc5   Thumb Code   156  dnaninf.o(x$fpl$dnaninf)
    __fpl_dretinf                            0x08004e61   Thumb Code    12  dretinf.o(x$fpl$dretinf)
    __aeabi_cdrcmple                         0x08004e6d   Thumb Code     0  drleqf.o(x$fpl$drleqf)
    _drcmple                                 0x08004e6d   Thumb Code   108  drleqf.o(x$fpl$drleqf)
    __aeabi_drsub                            0x08004ed9   Thumb Code     0  daddsub_clz.o(x$fpl$drsb)
    _drsb                                    0x08004ed9   Thumb Code    22  daddsub_clz.o(x$fpl$drsb)
    _dsqrt                                   0x08004ef1   Thumb Code   456  dsqrt_noumaal.o(x$fpl$dsqrt)
    __aeabi_dsub                             0x080050bd   Thumb Code     0  daddsub_clz.o(x$fpl$dsub)
    _dsub                                    0x080050bd   Thumb Code   464  daddsub_clz.o(x$fpl$dsub)
    __aeabi_f2d                              0x08005291   Thumb Code     0  f2d.o(x$fpl$f2d)
    _f2d                                     0x08005291   Thumb Code    86  f2d.o(x$fpl$f2d)
    __aeabi_fadd                             0x080052e9   Thumb Code     0  faddsub_clz.o(x$fpl$fadd)
    _fadd                                    0x080052e9   Thumb Code   196  faddsub_clz.o(x$fpl$fadd)
    __fpl_fcmp_Inf                           0x080053ad   Thumb Code    24  fcmpi.o(x$fpl$fcmpinf)
    __aeabi_fdiv                             0x080053c5   Thumb Code     0  fdiv.o(x$fpl$fdiv)
    _fdiv                                    0x080053c5   Thumb Code   384  fdiv.o(x$fpl$fdiv)
    __aeabi_f2uiz                            0x08005549   Thumb Code     0  ffixu.o(x$fpl$ffixu)
    _ffixu                                   0x08005549   Thumb Code    62  ffixu.o(x$fpl$ffixu)
    __aeabi_i2f                              0x08005589   Thumb Code     0  fflt_clz.o(x$fpl$fflt)
    _fflt                                    0x08005589   Thumb Code    48  fflt_clz.o(x$fpl$fflt)
    __aeabi_ui2f                             0x080055b9   Thumb Code     0  fflt_clz.o(x$fpl$ffltu)
    _ffltu                                   0x080055b9   Thumb Code    38  fflt_clz.o(x$fpl$ffltu)
    __aeabi_cfcmple                          0x080055e1   Thumb Code     0  fleqf.o(x$fpl$fleqf)
    _fcmple                                  0x080055e1   Thumb Code   104  fleqf.o(x$fpl$fleqf)
    __fpl_fcmple_InfNaN                      0x08005633   Thumb Code     0  fleqf.o(x$fpl$fleqf)
    __aeabi_fmul                             0x08005649   Thumb Code     0  fmul.o(x$fpl$fmul)
    _fmul                                    0x08005649   Thumb Code   258  fmul.o(x$fpl$fmul)
    __fpl_fnaninf                            0x0800574b   Thumb Code   140  fnaninf.o(x$fpl$fnaninf)
    __fpl_fretinf                            0x080057d7   Thumb Code    10  fretinf.o(x$fpl$fretinf)
    __aeabi_cfrcmple                         0x080057e1   Thumb Code     0  frleqf.o(x$fpl$frleqf)
    _frcmple                                 0x080057e1   Thumb Code    98  frleqf.o(x$fpl$frleqf)
    __aeabi_fsub                             0x08005845   Thumb Code     0  faddsub_clz.o(x$fpl$fsub)
    _fsub                                    0x08005845   Thumb Code   234  faddsub_clz.o(x$fpl$fsub)
    _printf_fp_dec                           0x0800592f   Thumb Code     4  printf1.o(x$fpl$printf1)
    __fpl_return_NaN                         0x08005933   Thumb Code   100  retnan.o(x$fpl$retnan)
    __ARM_scalbn                             0x08005997   Thumb Code    92  scalbn.o(x$fpl$scalbn)
    __fpl_cmpreturn                          0x080059f3   Thumb Code    48  trapv.o(x$fpl$trapveneer)
    __I$use$fp                               0x08005a22   Number         0  usenofp.o(x$fpl$usenofp)
    __mathlib_zero                           0x08005ab0   Data           8  qnan.o(.constdata)
    Region$$Table$$Base                      0x08005b4c   Number         0  anon$$obj.o(Region$$Table)
    Region$$Table$$Limit                     0x08005b6c   Number         0  anon$$obj.o(Region$$Table)
    R0                                       0x20000000   Data           4  main.o(.data)
    Res                                      0x20000004   Data           4  main.o(.data)
    ppm                                      0x20000008   Data           4  main.o(.data)
    temp                                     0x2000000c   Data           4  main.o(.data)
    SystemCoreClock                          0x20000024   Data           4  system_stm32f10x_1.o(.data)
    AHBPrescTable                            0x20000028   Data          16  system_stm32f10x_1.o(.data)
    __libspace_start                         0x20000038   Data          96  libspace.o(.bss)
    __temporary_stack_top$libspace           0x20000098   Data           0  libspace.o(.bss)



==============================================================================

Memory Map of the image

  Image Entry point : 0x080000ed

  Load Region LR_IROM1 (Base: 0x08000000, Size: 0x00005bc0, Max: 0x00010000, ABSOLUTE)

    Execution Region ER_IROM1 (Base: 0x08000000, Size: 0x00005b88, Max: 0x00010000, ABSOLUTE)

    Base Addr    Size         Type   Attr      Idx    E Section Name        Object

    0x08000000   0x000000ec   Data   RO          481    RESET               startup_stm32f10x_md_1.o
    0x080000ec   0x00000008   Code   RO          539  * !!!main             c_w.l(__main.o)
    0x080000f4   0x00000034   Code   RO          866    !!!scatter          c_w.l(__scatter.o)
    0x08000128   0x0000001a   Code   RO          868    !!handler_copy      c_w.l(__scatter_copy.o)
    0x08000142   0x00000002   PAD
    0x08000144   0x0000001c   Code   RO          870    !!handler_zi        c_w.l(__scatter_zi.o)
    0x08000160   0x00000000   Code   RO          534    .ARM.Collect$$_printf_percent$$00000000  c_w.l(_printf_percent.o)
    0x08000160   0x00000006   Code   RO          533    .ARM.Collect$$_printf_percent$$00000003  c_w.l(_printf_f.o)
    0x08000166   0x00000004   Code   RO          604    .ARM.Collect$$_printf_percent$$00000017  c_w.l(_printf_percent_end.o)
    0x0800016a   0x00000002   Code   RO          734    .ARM.Collect$$libinit$$00000000  c_w.l(libinit.o)
    0x0800016c   0x00000000   Code   RO          736    .ARM.Collect$$libinit$$00000002  c_w.l(libinit2.o)
    0x0800016c   0x00000000   Code   RO          738    .ARM.Collect$$libinit$$00000004  c_w.l(libinit2.o)
    0x0800016c   0x00000000   Code   RO          741    .ARM.Collect$$libinit$$0000000A  c_w.l(libinit2.o)
    0x0800016c   0x00000000   Code   RO          743    .ARM.Collect$$libinit$$0000000C  c_w.l(libinit2.o)
    0x0800016c   0x00000000   Code   RO          745    .ARM.Collect$$libinit$$0000000E  c_w.l(libinit2.o)
    0x0800016c   0x00000006   Code   RO          746    .ARM.Collect$$libinit$$0000000F  c_w.l(libinit2.o)
    0x08000172   0x00000000   Code   RO          748    .ARM.Collect$$libinit$$00000011  c_w.l(libinit2.o)
    0x08000172   0x00000000   Code   RO          750    .ARM.Collect$$libinit$$00000013  c_w.l(libinit2.o)
    0x08000172   0x00000000   Code   RO          752    .ARM.Collect$$libinit$$00000015  c_w.l(libinit2.o)
    0x08000172   0x0000000a   Code   RO          753    .ARM.Collect$$libinit$$00000016  c_w.l(libinit2.o)
    0x0800017c   0x00000000   Code   RO          754    .ARM.Collect$$libinit$$00000017  c_w.l(libinit2.o)
    0x0800017c   0x00000000   Code   RO          756    .ARM.Collect$$libinit$$00000019  c_w.l(libinit2.o)
    0x0800017c   0x00000000   Code   RO          758    .ARM.Collect$$libinit$$0000001B  c_w.l(libinit2.o)
    0x0800017c   0x00000000   Code   RO          760    .ARM.Collect$$libinit$$0000001D  c_w.l(libinit2.o)
    0x0800017c   0x00000000   Code   RO          762    .ARM.Collect$$libinit$$0000001F  c_w.l(libinit2.o)
    0x0800017c   0x00000000   Code   RO          764    .ARM.Collect$$libinit$$00000021  c_w.l(libinit2.o)
    0x0800017c   0x00000000   Code   RO          766    .ARM.Collect$$libinit$$00000023  c_w.l(libinit2.o)
    0x0800017c   0x00000000   Code   RO          768    .ARM.Collect$$libinit$$00000025  c_w.l(libinit2.o)
    0x0800017c   0x00000000   Code   RO          772    .ARM.Collect$$libinit$$0000002C  c_w.l(libinit2.o)
    0x0800017c   0x00000000   Code   RO          774    .ARM.Collect$$libinit$$0000002E  c_w.l(libinit2.o)
    0x0800017c   0x00000000   Code   RO          776    .ARM.Collect$$libinit$$00000030  c_w.l(libinit2.o)
    0x0800017c   0x00000000   Code   RO          778    .ARM.Collect$$libinit$$00000032  c_w.l(libinit2.o)
    0x0800017c   0x00000002   Code   RO          779    .ARM.Collect$$libinit$$00000033  c_w.l(libinit2.o)
    0x0800017e   0x00000002   Code   RO          815    .ARM.Collect$$libshutdown$$00000000  c_w.l(libshutdown.o)
    0x08000180   0x00000000   Code   RO          827    .ARM.Collect$$libshutdown$$00000003  c_w.l(libshutdown2.o)
    0x08000180   0x00000000   Code   RO          830    .ARM.Collect$$libshutdown$$00000006  c_w.l(libshutdown2.o)
    0x08000180   0x00000000   Code   RO          833    .ARM.Collect$$libshutdown$$00000009  c_w.l(libshutdown2.o)
    0x08000180   0x00000000   Code   RO          835    .ARM.Collect$$libshutdown$$0000000B  c_w.l(libshutdown2.o)
    0x08000180   0x00000000   Code   RO          838    .ARM.Collect$$libshutdown$$0000000E  c_w.l(libshutdown2.o)
    0x08000180   0x00000002   Code   RO          839    .ARM.Collect$$libshutdown$$0000000F  c_w.l(libshutdown2.o)
    0x08000182   0x00000000   Code   RO          595    .ARM.Collect$$rtentry$$00000000  c_w.l(__rtentry.o)
    0x08000182   0x00000000   Code   RO          654    .ARM.Collect$$rtentry$$00000002  c_w.l(__rtentry2.o)
    0x08000182   0x00000006   Code   RO          666    .ARM.Collect$$rtentry$$00000004  c_w.l(__rtentry4.o)
    0x08000188   0x00000000   Code   RO          656    .ARM.Collect$$rtentry$$00000009  c_w.l(__rtentry2.o)
    0x08000188   0x00000004   Code   RO          657    .ARM.Collect$$rtentry$$0000000A  c_w.l(__rtentry2.o)
    0x0800018c   0x00000000   Code   RO          659    .ARM.Collect$$rtentry$$0000000C  c_w.l(__rtentry2.o)
    0x0800018c   0x00000008   Code   RO          660    .ARM.Collect$$rtentry$$0000000D  c_w.l(__rtentry2.o)
    0x08000194   0x00000002   Code   RO          784    .ARM.Collect$$rtexit$$00000000  c_w.l(rtexit.o)
    0x08000196   0x00000000   Code   RO          793    .ARM.Collect$$rtexit$$00000002  c_w.l(rtexit2.o)
    0x08000196   0x00000004   Code   RO          794    .ARM.Collect$$rtexit$$00000003  c_w.l(rtexit2.o)
    0x0800019a   0x00000006   Code   RO          795    .ARM.Collect$$rtexit$$00000004  c_w.l(rtexit2.o)
    0x080001a0   0x00000278   Code   RO            1    .text               main.o
    0x08000418   0x0000001a   Code   RO           74    .text               stm32f10x_it_1.o
    0x08000432   0x00000002   PAD
    0x08000434   0x00000288   Code   RO          101    .text               leddisplay.o
    0x080006bc   0x00000168   Code   RO          113    .text               adc.o
    0x08000824   0x00000300   Code   RO          128    .text               usart1.o
    0x08000b24   0x000000dc   Code   RO          150    .text               misc.o
    0x08000c00   0x0000044e   Code   RO          162    .text               stm32f10x_adc.o
    0x0800104e   0x00000002   PAD
    0x08001050   0x0000035c   Code   RO          324    .text               stm32f10x_gpio.o
    0x080013ac   0x000003a4   Code   RO          381    .text               stm32f10x_rcc.o
    0x08001750   0x00000e1a   Code   RO          440    .text               stm32f10x_tim.o
    0x0800256a   0x00000002   PAD
    0x0800256c   0x00000408   Code   RO          452    .text               stm32f10x_usart.o
    0x08002974   0x00000040   Code   RO          482    .text               startup_stm32f10x_md_1.o
    0x080029b4   0x000001e0   Code   RO          487    .text               system_stm32f10x_1.o
    0x08002b94   0x00000028   Code   RO          509    .text               c_w.l(noretval__2sprintf.o)
    0x08002bbc   0x0000010e   Code   RO          521    .text               c_w.l(__printf_wp.o)
    0x08002cca   0x0000004e   Code   RO          535    .text               c_w.l(rt_memclr_w.o)
    0x08002d18   0x00000006   Code   RO          537    .text               c_w.l(heapauxi.o)
    0x08002d1e   0x00000016   Code   RO          596    .text               c_w.l(_rserrno.o)
    0x08002d34   0x0000041a   Code   RO          598    .text               c_w.l(_printf_fp_dec.o)
    0x0800314e   0x00000002   PAD
    0x08003150   0x00000030   Code   RO          600    .text               c_w.l(_printf_char_common.o)
    0x08003180   0x0000000a   Code   RO          602    .text               c_w.l(_sputc.o)
    0x0800318a   0x00000002   PAD
    0x0800318c   0x00000008   Code   RO          671    .text               c_w.l(rt_locale_intlibspace.o)
    0x08003194   0x00000008   Code   RO          676    .text               c_w.l(rt_errno_addr_intlibspace.o)
    0x0800319c   0x0000008a   Code   RO          678    .text               c_w.l(lludiv10.o)
    0x08003226   0x00000002   PAD
    0x08003228   0x00000080   Code   RO          680    .text               c_w.l(_printf_fp_infnan.o)
    0x080032a8   0x000000dc   Code   RO          684    .text               c_w.l(bigflt0.o)
    0x08003384   0x00000008   Code   RO          720    .text               c_w.l(libspace.o)
    0x0800338c   0x0000004a   Code   RO          723    .text               c_w.l(sys_stackheap_outer.o)
    0x080033d6   0x0000000c   Code   RO          725    .text               c_w.l(exit.o)
    0x080033e2   0x00000002   PAD
    0x080033e4   0x00000080   Code   RO          727    .text               c_w.l(strcmpv7m.o)
    0x08003464   0x0000000c   Code   RO          805    .text               c_w.l(sys_exit.o)
    0x08003470   0x00000002   Code   RO          816    .text               c_w.l(use_no_semi.o)
    0x08003472   0x00000000   Code   RO          818    .text               c_w.l(indicate_semi.o)
    0x08003472   0x0000003e   Code   RO          687    CL$$btod_d2e        c_w.l(btod.o)
    0x080034b0   0x00000046   Code   RO          689    CL$$btod_d2e_denorm_low  c_w.l(btod.o)
    0x080034f6   0x00000060   Code   RO          688    CL$$btod_d2e_norm_op1  c_w.l(btod.o)
    0x08003556   0x00000338   Code   RO          697    CL$$btod_div_common  c_w.l(btod.o)
    0x0800388e   0x000000c6   Code   RO          694    CL$$btod_e2e        c_w.l(btod.o)
    0x08003954   0x00000028   Code   RO          691    CL$$btod_ediv       c_w.l(btod.o)
    0x0800397c   0x00000028   Code   RO          690    CL$$btod_emul       c_w.l(btod.o)
    0x080039a4   0x00000244   Code   RO          696    CL$$btod_mult_common  c_w.l(btod.o)
    0x08003be8   0x00000028   Code   RO          640    i.__ARM_fpclassify  m_ws.l(fpclassify.o)
    0x08003c10   0x000000aa   Code   RO          642    i.__kernel_poly     m_ws.l(poly.o)
    0x08003cba   0x00000002   PAD
    0x08003cbc   0x00000010   Code   RO          626    i.__mathlib_dbl_divzero  m_ws.l(dunder.o)
    0x08003ccc   0x00000004   Code   RO          628    i.__mathlib_dbl_infnan2  m_ws.l(dunder.o)
    0x08003cd0   0x0000000c   Code   RO          629    i.__mathlib_dbl_invalid  m_ws.l(dunder.o)
    0x08003cdc   0x0000000e   Code   RO          630    i.__mathlib_dbl_overflow  m_ws.l(dunder.o)
    0x08003cea   0x00000002   PAD
    0x08003cec   0x00000010   Code   RO          632    i.__mathlib_dbl_underflow  m_ws.l(dunder.o)
    0x08003cfc   0x0000000e   Code   RO          523    i._is_digit         c_w.l(__printf_wp.o)
    0x08003d0a   0x00000002   PAD
    0x08003d0c   0x000009b8   Code   RO          586    i.pow               m_ws.l(pow.o)
    0x080046c4   0x0000004c   Code   RO          646    i.sqrt              m_ws.l(sqrt.o)
    0x08004710   0x0000002c   Code   RO          710    locale$$code        c_w.l(lc_numeric_c.o)
    0x0800473c   0x00000062   Code   RO          541    x$fpl$d2f           fz_ws.l(d2f.o)
    0x0800479e   0x00000002   PAD
    0x080047a0   0x00000150   Code   RO          543    x$fpl$dadd          fz_ws.l(daddsub_clz.o)
    0x080048f0   0x00000010   Code   RO          712    x$fpl$dcheck1       fz_ws.l(dcheck1.o)
    0x08004900   0x00000018   Code   RO          780    x$fpl$dcmpinf       fz_ws.l(dcmpi.o)
    0x08004918   0x000002b0   Code   RO          550    x$fpl$ddiv          fz_ws.l(ddiv.o)
    0x08004bc8   0x0000002e   Code   RO          606    x$fpl$dflt          fz_ws.l(dflt_clz.o)
    0x08004bf6   0x00000002   PAD
    0x08004bf8   0x00000078   Code   RO          714    x$fpl$dleqf         fz_ws.l(dleqf.o)
    0x08004c70   0x00000154   Code   RO          553    x$fpl$dmul          fz_ws.l(dmul.o)
    0x08004dc4   0x0000009c   Code   RO          611    x$fpl$dnaninf       fz_ws.l(dnaninf.o)
    0x08004e60   0x0000000c   Code   RO          613    x$fpl$dretinf       fz_ws.l(dretinf.o)
    0x08004e6c   0x0000006c   Code   RO          615    x$fpl$drleqf        fz_ws.l(drleqf.o)
    0x08004ed8   0x00000016   Code   RO          544    x$fpl$drsb          fz_ws.l(daddsub_clz.o)
    0x08004eee   0x00000002   PAD
    0x08004ef0   0x000001cc   Code   RO          716    x$fpl$dsqrt         fz_ws.l(dsqrt_noumaal.o)
    0x080050bc   0x000001d4   Code   RO          545    x$fpl$dsub          fz_ws.l(daddsub_clz.o)
    0x08005290   0x00000056   Code   RO          555    x$fpl$f2d           fz_ws.l(f2d.o)
    0x080052e6   0x00000002   PAD
    0x080052e8   0x000000c4   Code   RO          557    x$fpl$fadd          fz_ws.l(faddsub_clz.o)
    0x080053ac   0x00000018   Code   RO          617    x$fpl$fcmpinf       fz_ws.l(fcmpi.o)
    0x080053c4   0x00000184   Code   RO          564    x$fpl$fdiv          fz_ws.l(fdiv.o)
    0x08005548   0x0000003e   Code   RO          567    x$fpl$ffixu         fz_ws.l(ffixu.o)
    0x08005586   0x00000002   PAD
    0x08005588   0x00000030   Code   RO          572    x$fpl$fflt          fz_ws.l(fflt_clz.o)
    0x080055b8   0x00000026   Code   RO          571    x$fpl$ffltu         fz_ws.l(fflt_clz.o)
    0x080055de   0x00000002   PAD
    0x080055e0   0x00000068   Code   RO          577    x$fpl$fleqf         fz_ws.l(fleqf.o)
    0x08005648   0x00000102   Code   RO          579    x$fpl$fmul          fz_ws.l(fmul.o)
    0x0800574a   0x0000008c   Code   RO          619    x$fpl$fnaninf       fz_ws.l(fnaninf.o)
    0x080057d6   0x0000000a   Code   RO          621    x$fpl$fretinf       fz_ws.l(fretinf.o)
    0x080057e0   0x00000062   Code   RO          581    x$fpl$frleqf        fz_ws.l(frleqf.o)
    0x08005842   0x00000002   PAD
    0x08005844   0x000000ea   Code   RO          559    x$fpl$fsub          fz_ws.l(faddsub_clz.o)
    0x0800592e   0x00000004   Code   RO          583    x$fpl$printf1       fz_ws.l(printf1.o)
    0x08005932   0x00000064   Code   RO          782    x$fpl$retnan        fz_ws.l(retnan.o)
    0x08005996   0x0000005c   Code   RO          623    x$fpl$scalbn        fz_ws.l(scalbn.o)
    0x080059f2   0x00000030   Code   RO          790    x$fpl$trapveneer    fz_ws.l(trapv.o)
    0x08005a22   0x00000000   Code   RO          625    x$fpl$usenofp       fz_ws.l(usenofp.o)
    0x08005a22   0x00000006   PAD
    0x08005a28   0x00000088   Data   RO          587    .constdata          m_ws.l(pow.o)
    0x08005ab0   0x00000008   Data   RO          644    .constdata          m_ws.l(qnan.o)
    0x08005ab8   0x00000094   Data   RO          685    .constdata          c_w.l(bigflt0.o)
    0x08005b4c   0x00000020   Data   RO          864    Region$$Table       anon$$obj.o
    0x08005b6c   0x0000001c   Data   RO          709    locale$$data        c_w.l(lc_numeric_c.o)


    Execution Region RW_IRAM1 (Base: 0x20000000, Size: 0x00000698, Max: 0x00005000, ABSOLUTE)

    Base Addr    Size         Type   Attr      Idx    E Section Name        Object

    0x20000000   0x00000010   Data   RW            2    .data               main.o
    0x20000010   0x00000014   Data   RW          382    .data               stm32f10x_rcc.o
    0x20000024   0x00000014   Data   RW          488    .data               system_stm32f10x_1.o
    0x20000038   0x00000060   Zero   RW          721    .bss                c_w.l(libspace.o)
    0x20000098   0x00000200   Zero   RW          480    HEAP                startup_stm32f10x_md_1.o
    0x20000298   0x00000400   Zero   RW          479    STACK               startup_stm32f10x_md_1.o


==============================================================================

Image component sizes


      Code (inc. data)   RO Data    RW Data    ZI Data      Debug   Object Name

       360         30          0          0          0      10024   adc.o
       648         24          0          0          0       1973   leddisplay.o
       632        130          0         16          0     253130   main.o
       220         22          0          0          0       1733   misc.o
        64         26        236          0       1536        848   startup_stm32f10x_md_1.o
      1102         26          0          0          0      10769   stm32f10x_adc.o
       860         38          0          0          0       5581   stm32f10x_gpio.o
        26          0          0          0          0       1182   stm32f10x_it_1.o
       932         36          0         20          0       8736   stm32f10x_rcc.o
      3610         88          0          0          0      22068   stm32f10x_tim.o
      1032         22          0          0          0       8304   stm32f10x_usart.o
       480         38          0         20          0       1843   system_stm32f10x_1.o
       768         14          0          0          0       1951   usart1.o

    ----------------------------------------------------------------------
     10740        494        268         56       1536     328142   Object Totals
         0          0         32          0          0          0   (incl. Generated)
         6          0          0          0          0          0   (incl. Padding)

    ----------------------------------------------------------------------

      Code (inc. data)   RO Data    RW Data    ZI Data      Debug   Library Member Name

         8          0          0          0          0         68   __main.o
       284          0          0          0          0        156   __printf_wp.o
         0          0          0          0          0          0   __rtentry.o
        12          0          0          0          0          0   __rtentry2.o
         6          0          0          0          0          0   __rtentry4.o
        52          8          0          0          0          0   __scatter.o
        26          0          0          0          0          0   __scatter_copy.o
        28          0          0          0          0          0   __scatter_zi.o
        48          6          0          0          0         96   _printf_char_common.o
         6          0          0          0          0          0   _printf_f.o
      1050          0          0          0          0        216   _printf_fp_dec.o
       128         16          0          0          0         84   _printf_fp_infnan.o
         0          0          0          0          0          0   _printf_percent.o
         4          0          0          0          0          0   _printf_percent_end.o
        22          0          0          0          0        100   _rserrno.o
        10          0          0          0          0         68   _sputc.o
       220          4        148          0          0         96   bigflt0.o
      1910        128          0          0          0        672   btod.o
        12          0          0          0          0         72   exit.o
         6          0          0          0          0        152   heapauxi.o
         0          0          0          0          0          0   indicate_semi.o
        44         10         28          0          0         76   lc_numeric_c.o
         2          0          0          0          0          0   libinit.o
        18          0          0          0          0          0   libinit2.o
         2          0          0          0          0          0   libshutdown.o
         2          0          0          0          0          0   libshutdown2.o
         8          4          0          0         96         68   libspace.o
       138          0          0          0          0         80   lludiv10.o
        40          6          0          0          0         84   noretval__2sprintf.o
         8          4          0          0          0         68   rt_errno_addr_intlibspace.o
         8          4          0          0          0         68   rt_locale_intlibspace.o
        78          0          0          0          0         80   rt_memclr_w.o
         2          0          0          0          0          0   rtexit.o
        10          0          0          0          0          0   rtexit2.o
       128          0          0          0          0         68   strcmpv7m.o
        12          4          0          0          0         68   sys_exit.o
        74          0          0          0          0         80   sys_stackheap_outer.o
         2          0          0          0          0         68   use_no_semi.o
        98          4          0          0          0         92   d2f.o
       826         16          0          0          0        348   daddsub_clz.o
        16          4          0          0          0         68   dcheck1.o
        24          0          0          0          0         68   dcmpi.o
       688        140          0          0          0        208   ddiv.o
        46          0          0          0          0         68   dflt_clz.o
       120          4          0          0          0         92   dleqf.o
       340         12          0          0          0        104   dmul.o
       156          4          0          0          0         92   dnaninf.o
        12          0          0          0          0         68   dretinf.o
       108          0          0          0          0         80   drleqf.o
       460         56          0          0          0        120   dsqrt_noumaal.o
        86          4          0          0          0         84   f2d.o
       430          8          0          0          0        168   faddsub_clz.o
        24          0          0          0          0         68   fcmpi.o
       388         76          0          0          0         96   fdiv.o
        62          4          0          0          0         84   ffixu.o
        86          0          0          0          0        136   fflt_clz.o
       104          4          0          0          0         84   fleqf.o
       258          4          0          0          0         84   fmul.o
       140          4          0          0          0         84   fnaninf.o
        10          0          0          0          0         68   fretinf.o
        98          0          0          0          0         68   frleqf.o
         4          0          0          0          0         68   printf1.o
       100          0          0          0          0         68   retnan.o
        92          0          0          0          0         68   scalbn.o
        48          0          0          0          0         68   trapv.o
         0          0          0          0          0          0   usenofp.o
        62         10          0          0          0        340   dunder.o
        40          0          0          0          0         68   fpclassify.o
       170          0          0          0          0         96   poly.o
      2488        190        136          0          0        300   pow.o
         0          0          8          0          0          0   qnan.o
        76          0          0          0          0         84   sqrt.o

    ----------------------------------------------------------------------
     12104        738        320          0         96       6180   Library Totals
        36          0          0          0          0          0   (incl. Padding)

    ----------------------------------------------------------------------

      Code (inc. data)   RO Data    RW Data    ZI Data      Debug   Library Name

      4408        194        176          0         96       2588   c_w.l
      4824        344          0          0          0       2704   fz_ws.l
      2836        200        144          0          0        888   m_ws.l

    ----------------------------------------------------------------------
     12104        738        320          0         96       6180   Library Totals

    ----------------------------------------------------------------------

==============================================================================


      Code (inc. data)   RO Data    RW Data    ZI Data      Debug   

     22844       1232        588         56       1632     329742   Grand Totals
     22844       1232        588         56       1632     329742   ELF Image Totals
     22844       1232        588         56          0          0   ROM Totals

==============================================================================

    Total RO  Size (Code + RO Data)                23432 (  22.88kB)
    Total RW  Size (RW Data + ZI Data)              1688 (   1.65kB)
    Total ROM Size (Code + RO Data + RW Data)      23488 (  22.94kB)

==============================================================================

